ARM Linker, 5.03 [Build 76] [MDK-ARM Professional][RL-ARM]

==============================================================================

Section Cross References

    http_cgi.o(.text) refers to _scanf_int.o(.text) for _scanf_int
    http_cgi.o(.text) refers to _scanf_str.o(.text) for _scanf_string
    http_cgi.o(.text) refers to scanf_fp.o(.text) for _scanf_real
    http_cgi.o(.text) refers to memseta.o(.text) for __aeabi_memclr4
    http_cgi.o(.text) refers to memcpya.o(.text) for __aeabi_memcpy4
    http_cgi.o(.text) refers to at_mem.o(i.alloc_mem) for alloc_mem
    http_cgi.o(.text) refers to at_http.o(i.http_get_var) for http_get_var
    http_cgi.o(.text) refers to at_lib.o(i.str_scomp) for str_scomp
    http_cgi.o(.text) refers to __0sscanf.o(.text) for __0sscanf
    http_cgi.o(.text) refers to strlen.o(.text) for strlen
    http_cgi.o(.text) refers to at_lib.o(i.mem_comp) for mem_comp
    http_cgi.o(.text) refers to http_cgi.o(.constdata) for .constdata
    http_cgi.o(.text) refers to at_system.o(.bss) for localm
    http_cgi.o(.text) refers to global.o(.data) for bit_band_flag_1
    http_cgi.o(.text) refers to cfcmple.o(.text) for __aeabi_cfcmpeq
    http_cgi.o(.text) refers to at_mem.o(i.free_mem) for free_mem
    http_cgi.o(.text) refers to at_lib.o(i.str_copy) for str_copy
    http_cgi.o(.text) refers to http_cgi.o(.data) for turn_num_temp
    http_cgi.o(.text) refers to http_cgi.o(.bss) for combin_passage_temp
    http_cgi.o(.text) refers to global.o(.bss) for combine_valid_passage
    http_cgi.o(.text) refers to printfa.o(i.__0sprintf) for __2sprintf
    http_cgi.o(.text) refers to toupper.o(.text) for toupper
    http_cgi.o(.text) refers to net_config.o(.bss) for tcp_socket
    http_cgi.o(.text) refers to net_config.o(.constdata) for tcp_NumSocks
    http_cgi.o(.text) refers to net_config.o(.data) for own_hw_adr
    http_cgi.o(.text) refers to f2d.o(.text) for __aeabi_f2d
    http_cgi.o(.text) refers to strcat.o(.text) for strcat
    http_cgi.o(.text) refers to main.o(.bss) for table_global_mut
    http_cgi.o(.text) refers to rt_mutex.o(i.rt_mut_wait) for rt_mut_wait
    http_cgi.o(.text) refers to rt_mutex.o(i.rt_mut_release) for rt_mut_release
    main.o(.text) refers to main.o(.bss) for err_report_mbox
    main.o(.text) refers to rt_mailbox.o(i.rt_mbx_wait) for rt_mbx_wait
    main.o(.text) refers to rt_system.o(i.rt_tsk_lock) for rt_tsk_lock
    main.o(.text) refers to global.o(.data) for write_Client_wr_index
    main.o(.text) refers to global.o(.bss) for write_Client_fifo
    main.o(.text) refers to rt_system.o(i.rt_tsk_unlock) for rt_tsk_unlock
    main.o(.text) refers to main.o(.data) for adc_result
    main.o(.text) refers to at_lib.o(i.mem_test) for mem_test
    main.o(.text) refers to at_dhcp.o(i.dhcp_disable) for dhcp_disable
    main.o(.text) refers to data_init.o(.text) for read_param
    main.o(.text) refers to memseta.o(.text) for __aeabi_memclr4
    main.o(.text) refers to stm32f10x_rcc.o(.text) for RCC_MCOConfig
    main.o(.text) refers to at_lib.o(i.mem_copy) for mem_copy
    main.o(.text) refers to at_system.o(i.init_TcpNet) for init_TcpNet
    main.o(.text) refers to at_tcp.o(i.tcp_get_socket) for tcp_get_socket
    main.o(.text) refers to at_tcp.o(i.tcp_listen) for tcp_listen
    main.o(.text) refers to at_system.o(i.main_TcpNet) for main_TcpNet
    main.o(.text) refers to at_tcp.o(i.tcp_check_send) for tcp_check_send
    main.o(.text) refers to at_tcp.o(i.tcp_max_dsize) for tcp_max_dsize
    main.o(.text) refers to at_tcp.o(i.tcp_get_buf) for tcp_get_buf
    main.o(.text) refers to at_tcp.o(i.tcp_send) for tcp_send
    main.o(.text) refers to rt_semaphore.o(i.rt_sem_send) for rt_sem_send
    main.o(.text) refers to at_system.o(.bss) for localm
    main.o(.text) refers to rt_mailbox.o(i.rt_mbx_send) for rt_mbx_send
    main.o(.text) refers to net_config.o(.data) for own_hw_adr
    main.o(.text) refers to rt_semaphore.o(i.rt_sem_wait) for rt_sem_wait
    main.o(.text) refers to at_tcp.o(i.tcp_get_state) for tcp_get_state
    main.o(.text) refers to at_tcp.o(i.tcp_connect) for tcp_connect
    main.o(.text) refers to stm32f10x_iwdg.o(.text) for IWDG_ReloadCounter
    main.o(.text) refers to printfa.o(i.__0printf) for __2printf
    main.o(.text) refers to adc_lxb.o(.text) for tsk_watchdog_reload
    main.o(.text) refers to key.o(.text) for Scan_Key
    main.o(.text) refers to spi.o(.text) for EEP_erase_ALL
    main.o(.text) refers to rt_task.o(i.rt_tsk_pass) for rt_tsk_pass
    main.o(.text) refers to rt_time.o(i.rt_dly_wait) for rt_dly_wait
    main.o(.text) refers to rt_task.o(i.rt_tsk_delete) for rt_tsk_delete
    main.o(.text) refers to rt_task.o(i.rt_tsk_create) for rt_tsk_create
    main.o(.text) refers to rt_mutex.o(i.rt_mut_wait) for rt_mut_wait
    main.o(.text) refers to usart.o(.text) for USART_Protocol_Communication
    main.o(.text) refers to log.o(.text) for Read_DS3231_Time
    main.o(.text) refers to rt_mutex.o(i.rt_mut_release) for rt_mut_release
[...]
    PWR_WakeUpPinCmd                         0x0801a34d   Thumb Code     6  stm32f10x_pwr.o(.text)
    PWR_EnterSTOPMode                        0x0801a353   Thumb Code    54  stm32f10x_pwr.o(.text)
    PWR_EnterSTANDBYMode                     0x0801a389   Thumb Code    42  stm32f10x_pwr.o(.text)
    PWR_GetFlagStatus                        0x0801a3b3   Thumb Code    20  stm32f10x_pwr.o(.text)
    PWR_ClearFlag                            0x0801a3c7   Thumb Code    14  stm32f10x_pwr.o(.text)
    toupper                                  0x0801a3e5   Thumb Code    12  toupper.o(.text)
    __aeabi_memcpy                           0x0801a3f1   Thumb Code    36  memcpya.o(.text)
    __aeabi_memcpy4                          0x0801a3f1   Thumb Code     0  memcpya.o(.text)
    __aeabi_memcpy8                          0x0801a3f1   Thumb Code     0  memcpya.o(.text)
    __aeabi_memset                           0x0801a415   Thumb Code    14  memseta.o(.text)
    __aeabi_memset4                          0x0801a415   Thumb Code     0  memseta.o(.text)
    __aeabi_memset8                          0x0801a415   Thumb Code     0  memseta.o(.text)
    __aeabi_memclr                           0x0801a423   Thumb Code     4  memseta.o(.text)
    __aeabi_memclr4                          0x0801a423   Thumb Code     0  memseta.o(.text)
    __aeabi_memclr8                          0x0801a423   Thumb Code     0  memseta.o(.text)
    _memset$wrapper                          0x0801a427   Thumb Code    18  memseta.o(.text)
    strcat                                   0x0801a439   Thumb Code    24  strcat.o(.text)
    strlen                                   0x0801a451   Thumb Code    14  strlen.o(.text)
    strcmp                                   0x0801a45f   Thumb Code    28  strcmp.o(.text)
    __0sscanf                                0x0801a47d   Thumb Code    48  __0sscanf.o(.text)
    _scanf_int                               0x0801a4b5   Thumb Code   336  _scanf_int.o(.text)
    _scanf_string                            0x0801a605   Thumb Code   218  _scanf_str.o(.text)
    _scanf_real                              0x0801a7e1   Thumb Code     0  scanf_fp.o(.text)
    _scanf_really_real                       0x0801a7e1   Thumb Code   560  scanf_fp.o(.text)
    __aeabi_fadd                             0x0801aa1d   Thumb Code   164  fadd.o(.text)
    __aeabi_fsub                             0x0801aac1   Thumb Code     6  fadd.o(.text)
    __aeabi_frsub                            0x0801aac7   Thumb Code     6  fadd.o(.text)
    __aeabi_fmul                             0x0801aacd   Thumb Code   108  fmul.o(.text)
    __aeabi_fdiv                             0x0801ab39   Thumb Code   128  fdiv.o(.text)
    __aeabi_dadd                             0x0801abb9   Thumb Code   322  dadd.o(.text)
    __aeabi_dsub                             0x0801acfb   Thumb Code     6  dadd.o(.text)
    __aeabi_drsub                            0x0801ad01   Thumb Code     6  dadd.o(.text)
    __aeabi_dmul                             0x0801ad07   Thumb Code   228  dmul.o(.text)
    __aeabi_ddiv                             0x0801adeb   Thumb Code   222  ddiv.o(.text)
    __aeabi_ui2f                             0x0801aec9   Thumb Code    10  ffltui.o(.text)
    __aeabi_i2d                              0x0801aed3   Thumb Code    34  dflti.o(.text)
    __aeabi_ui2d                             0x0801aef5   Thumb Code    26  dfltui.o(.text)
    __aeabi_f2uiz                            0x0801af0f   Thumb Code    40  ffixui.o(.text)
    __aeabi_d2uiz                            0x0801af37   Thumb Code    50  dfixui.o(.text)
    __aeabi_f2d                              0x0801af69   Thumb Code    38  f2d.o(.text)
    __aeabi_cdrcmple                         0x0801af91   Thumb Code    38  cdrcmple.o(.text)
    __aeabi_d2f                              0x0801afb9   Thumb Code    56  d2f.o(.text)
    __aeabi_cfcmpeq                          0x0801aff1   Thumb Code     0  cfcmple.o(.text)
    __aeabi_cfcmple                          0x0801aff1   Thumb Code    20  cfcmple.o(.text)
    __aeabi_cfrcmple                         0x0801b005   Thumb Code    20  cfrcmple.o(.text)
    __aeabi_uidiv                            0x0801b019   Thumb Code     0  uidiv.o(.text)
    __aeabi_uidivmod                         0x0801b019   Thumb Code    44  uidiv.o(.text)
    __aeabi_uldivmod                         0x0801b045   Thumb Code    98  uldiv.o(.text)
    __aeabi_llsl                             0x0801b0a7   Thumb Code    30  llshl.o(.text)
    _ll_shift_l                              0x0801b0a7   Thumb Code     0  llshl.o(.text)
    __aeabi_llsr                             0x0801b0c5   Thumb Code    32  llushr.o(.text)
    _ll_ushift_r                             0x0801b0c5   Thumb Code     0  llushr.o(.text)
    __aeabi_lasr                             0x0801b0e5   Thumb Code    36  llsshr.o(.text)
    _ll_sshift_r                             0x0801b0e5   Thumb Code     0  llsshr.o(.text)
    _chval                                   0x0801b109   Thumb Code    28  _chval.o(.text)
    __vfscanf_char                           0x0801b131   Thumb Code    20  scanf_char.o(.text)
    _sgetc                                   0x0801b14d   Thumb Code    30  _sgetc.o(.text)
    _sbackspace                              0x0801b16b   Thumb Code    34  _sgetc.o(.text)
    __I$use$fp                               0x0801b18d   Thumb Code     0  iusefp.o(.text)
    _float_round                             0x0801b18d   Thumb Code    18  fepilogue.o(.text)
    _float_epilogue                          0x0801b19f   Thumb Code    90  fepilogue.o(.text)
    _double_round                            0x0801b1f9   Thumb Code    26  depilogue.o(.text)
    _double_epilogue                         0x0801b213   Thumb Code   164  depilogue.o(.text)
    __aeabi_ul2d                             0x0801b2b7   Thumb Code    24  dfltul.o(.text)
    __aeabi_d2ulz                            0x0801b2cf   Thumb Code    48  dfixul.o(.text)
    __scatterload                            0x0801b301   Thumb Code    28  init.o(.text)
    __scatterload_rt2                        0x0801b301   Thumb Code     0  init.o(.text)
    isspace                                  0x0801b325   Thumb Code    10  isspace_c.o(.text)
    __vfscanf                                0x0801b331   Thumb Code   806  _scanf.o(.text)
    __ctype_lookup                           0x0801b65d   Thumb Code    34  ctype_c.o(.text)
    __decompress                             0x0801b685   Thumb Code     0  __dczerorl2.o(.text)
    __decompress1                            0x0801b685   Thumb Code    92  __dczerorl2.o(.text)
    SVC_Count                                0x0801b6e0   Data           4  SVC_Table.o(SVC_TABLE)
    CalcChksum                               0x0801b6e5   Thumb Code    22  at_lib.o(i.CalcChksum)
    SVC_Table                                0x0801b6e4   Data           0  SVC_Table.o(SVC_TABLE)
    CalcChksumBuf                            0x0801b6fd   Thumb Code    40  at_lib.o(i.CalcChksumBuf)
    CalcChksumVal                            0x0801b725   Thumb Code    10  at_lib.o(i.CalcChksumVal)
    SwapB                                    0x0801b72f   Thumb Code    10  at_lib.o(i.SwapB)
    __0printf                                0x0801b739   Thumb Code    22  printfa.o(i.__0printf)
    __1printf                                0x0801b739   Thumb Code     0  printfa.o(i.__0printf)
    __2printf                                0x0801b739   Thumb Code     0  printfa.o(i.__0printf)
    __c89printf                              0x0801b739   Thumb Code     0  printfa.o(i.__0printf)
    printf                                   0x0801b739   Thumb Code     0  printfa.o(i.__0printf)
    __0sprintf                               0x0801b759   Thumb Code    34  printfa.o(i.__0sprintf)
    __1sprintf                               0x0801b759   Thumb Code     0  printfa.o(i.__0sprintf)
    __2sprintf                               0x0801b759   Thumb Code     0  printfa.o(i.__0sprintf)
    __c89sprintf                             0x0801b759   Thumb Code     0  printfa.o(i.__0sprintf)
    sprintf                                  0x0801b759   Thumb Code     0  printfa.o(i.__0sprintf)
    __scatterload_copy                       0x0801b781   Thumb Code    14  handlers.o(i.__scatterload_copy)
    __scatterload_null                       0x0801b78f   Thumb Code     2  handlers.o(i.__scatterload_null)
    __scatterload_zeroinit                   0x0801b791   Thumb Code    14  handlers.o(i.__scatterload_zeroinit)
    _init_box                                0x0801b8fd   Thumb Code    70  rt_membox.o(i._init_box)
    _is_digit                                0x0801b943   Thumb Code    14  scanf_fp.o(i._is_digit)
    alloc_mem                                0x0801c0a1   Thumb Code   144  at_mem.o(i.alloc_mem)
    arp_cache_add                            0x0801c13d   Thumb Code   204  at_arp.o(i.arp_cache_add)
    arp_cache_find                           0x0801c285   Thumb Code   252  at_arp.o(i.arp_cache_find)
    arp_cache_update                         0x0801c399   Thumb Code   188  at_arp.o(i.arp_cache_update)
    b64_to_asc                               0x0801c609   Thumb Code   116  at_lib.o(i.b64_to_asc)
    cgx_content_type                         0x0801c67d   Thumb Code     4  at_http.o(i.cgx_content_type)
    dbg_init                                 0x0801c871   Thumb Code    34  hal_cm3.o(i.dbg_init)
    dbg_task_notify                          0x0801c8a1   Thumb Code    32  hal_cm3.o(i.dbg_task_notify)
    dbg_task_switch                          0x0801c8c1   Thumb Code    16  hal_cm3.o(i.dbg_task_switch)
    dhcp_disable                             0x0801c8d1   Thumb Code    28  at_dhcp.o(i.dhcp_disable)
    eth_chk_adr                              0x0801c8f5   Thumb Code    10  at_ethernet.o(i.eth_chk_adr)
    eth_send_frame                           0x0801c905   Thumb Code   136  at_ethernet.o(i.eth_send_frame)
    free_mem                                 0x0801c999   Thumb Code    94  at_mem.o(i.free_mem)
    get_u32                                  0x0801ca5b   Thumb Code    22  at_lib.o(i.get_u32)
    http_accept_host                         0x0801ca83   Thumb Code     4  at_http.o(i.http_accept_host)
    http_fclose                              0x0801cec1   Thumb Code     2  at_http_uif.o(i.http_fclose)
    http_fgets                               0x0801cec3   Thumb Code     4  at_http_uif.o(i.http_fgets)
    http_fopen                               0x0801cf19   Thumb Code     4  at_http_uif.o(i.http_fopen)
    http_fread                               0x0801cf1d   Thumb Code     4  at_http_uif.o(i.http_fread)
    http_get_var                             0x0801cf21   Thumb Code   108  at_http.o(i.http_get_var)
    init_TcpNet                              0x0801d4f1   Thumb Code    40  at_system.o(i.init_TcpNet)
    init_arp                                 0x0801d529   Thumb Code    30  at_arp.o(i.init_arp)
    init_eth_link                            0x0801d551   Thumb Code    30  at_ethernet.o(i.init_eth_link)
    init_http                                0x0801d575   Thumb Code    78  at_http.o(i.init_http)
    init_mem                                 0x0801d5d9   Thumb Code    24  at_mem.o(i.init_mem)
    init_nbns                                0x0801d5fd   Thumb Code    34  at_nbns.o(i.init_nbns)
    init_tcp                                 0x0801d629   Thumb Code    16  at_tcp.o(i.init_tcp)
    init_udp                                 0x0801d641   Thumb Code    18  at_udp.o(i.init_udp)
    ip_chk_frame                             0x0801d65d   Thumb Code   184  at_ip.o(i.ip_chk_frame)
    ip_get_locadr                            0x0801d729   Thumb Code   140  at_ip.o(i.ip_get_locadr)
    ip_send_frame                            0x0801d7c1   Thumb Code   136  at_ip.o(i.ip_send_frame)
    is_subnet                                0x0801d84d   Thumb Code    34  at_lib.o(i.is_subnet)
    is_subnet_bcast                          0x0801d871   Thumb Code    40  at_arp.o(i.is_subnet_bcast)
    isr_evt_set                              0x0801d89d   Thumb Code    34  rt_event.o(i.isr_evt_set)
    isr_mbx_send                             0x0801d8c5   Thumb Code    14  rt_mailbox.o(i.isr_mbx_send)
    main_TcpNet                              0x0801d8d5   Thumb Code    50  at_system.o(i.main_TcpNet)
    mem_comp                                 0x0801d911   Thumb Code    30  at_lib.o(i.mem_comp)
    mem_copy                                 0x0801d931   Thumb Code    30  at_lib.o(i.mem_copy)
    mem_set                                  0x0801d951   Thumb Code    16  at_lib.o(i.mem_set)
    mem_test                                 0x0801d961   Thumb Code    22  at_lib.o(i.mem_test)
    os_tick_init                             0x0801daa9   Thumb Code    32  rt_system.o(i.os_tick_init)
    os_tick_irqack                           0x0801dad1   Thumb Code     2  rt_system.o(i.os_tick_irqack)
    poll_ethernet                            0x0801dad3   Thumb Code     2  at_ethernet.o(i.poll_ethernet)
    process_arp                              0x0801dad5   Thumb Code   136  at_arp.o(i.process_arp)
    process_hl_igmp                          0x0801db65   Thumb Code     2  at_ethernet.o(i.process_hl_igmp)
    process_icmp                             0x0801db67   Thumb Code   116  at_icmp.o(i.process_icmp)
    process_tcp                              0x0801dbdd   Thumb Code  1056  at_tcp.o(i.process_tcp)
    process_udp                              0x0801e001   Thumb Code   198  at_udp.o(i.process_udp)
    put_in_queue                             0x0801e0d1   Thumb Code    36  at_ethernet.o(i.put_in_queue)
    resize_mem                               0x0801e179   Thumb Code    48  at_mem.o(i.resize_mem)
    rt_alloc_box                             0x0801e1ad   Thumb Code    26  rt_membox.o(i.rt_alloc_box)
    rt_block                                 0x0801e1c9   Thumb Code    48  rt_task.o(i.rt_block)
    rt_chk_robin                             0x0801e201   Thumb Code    60  rt_robin.o(i.rt_chk_robin)
    rt_dec_dly                               0x0801e249   Thumb Code   106  rt_list.o(i.rt_dec_dly)
    rt_dispatch                              0x0801e2bd   Thumb Code    60  rt_task.o(i.rt_dispatch)
    rt_dly_wait                              0x0801e301   Thumb Code     6  rt_time.o(i.rt_dly_wait)
    rt_evt_psh                               0x0801e309   Thumb Code    72  rt_event.o(i.rt_evt_psh)
    rt_evt_set                               0x0801e355   Thumb Code    90  rt_event.o(i.rt_evt_set)
    rt_evt_wait                              0x0801e3b5   Thumb Code    56  rt_event.o(i.rt_evt_wait)
    rt_free_box                              0x0801e3f1   Thumb Code    32  rt_membox.o(i.rt_free_box)
    rt_get_first                             0x0801e411   Thumb Code    40  rt_list.o(i.rt_get_first)
    rt_get_same_rdy_prio                     0x0801e439   Thumb Code    26  rt_list.o(i.rt_get_same_rdy_prio)
    rt_init_robin                            0x0801e4a1   Thumb Code    14  rt_robin.o(i.rt_init_robin)
    rt_init_stack                            0x0801e4b9   Thumb Code    70  hal_cm3.o(i.rt_init_stack)
    rt_itv_set                               0x0801e509   Thumb Code    16  rt_time.o(i.rt_itv_set)
    rt_itv_wait                              0x0801e521   Thumb Code    34  rt_time.o(i.rt_itv_wait)
    rt_mbx_init                              0x0801e54d   Thumb Code    26  rt_mailbox.o(i.rt_mbx_init)
    rt_mbx_psh                               0x0801e569   Thumb Code   188  rt_mailbox.o(i.rt_mbx_psh)
    rt_mbx_send                              0x0801e629   Thumb Code   154  rt_mailbox.o(i.rt_mbx_send)
    rt_mbx_wait                              0x0801e6c9   Thumb Code   178  rt_mailbox.o(i.rt_mbx_wait)
    rt_mut_init                              0x0801e781   Thumb Code    16  rt_mutex.o(i.rt_mut_init)
    rt_mut_release                           0x0801e791   Thumb Code   164  rt_mutex.o(i.rt_mut_release)
    rt_mut_wait                              0x0801e83d   Thumb Code    96  rt_mutex.o(i.rt_mut_wait)
    rt_pop_req                               0x0801e8a1   Thumb Code   106  rt_system.o(i.rt_pop_req)
    rt_psh_req                               0x0801e919   Thumb Code    22  rt_system.o(i.rt_psh_req)
    rt_psq_enq                               0x0801e939   Thumb Code    82  rt_list.o(i.rt_psq_enq)
    rt_put_dly                               0x0801e991   Thumb Code    68  rt_list.o(i.rt_put_dly)
    rt_put_prio                              0x0801e9d9   Thumb Code    54  rt_list.o(i.rt_put_prio)
    rt_put_rdy_first                         0x0801ea11   Thumb Code    14  rt_list.o(i.rt_put_rdy_first)
    rt_resort_prio                           0x0801ea25   Thumb Code    46  rt_list.o(i.rt_resort_prio)
    rt_rmv_dly                               0x0801ea59   Thumb Code    40  rt_list.o(i.rt_rmv_dly)
    rt_rmv_list                              0x0801ea81   Thumb Code    44  rt_list.o(i.rt_rmv_list)
    rt_sem_init                              0x0801eab1   Thumb Code    12  rt_semaphore.o(i.rt_sem_init)
    rt_sem_psh                               0x0801eabd   Thumb Code    46  rt_semaphore.o(i.rt_sem_psh)
    rt_sem_send                              0x0801eaf1   Thumb Code    52  rt_semaphore.o(i.rt_sem_send)
    rt_sem_wait                              0x0801eb29   Thumb Code    56  rt_semaphore.o(i.rt_sem_wait)
    rt_stk_check                             0x0801eb65   Thumb Code    28  rt_system.o(i.rt_stk_check)
    rt_switch_req                            0x0801eb89   Thumb Code    30  rt_task.o(i.rt_switch_req)
    rt_sys_init                              0x0801ebb1   Thumb Code   266  rt_task.o(i.rt_sys_init)
    rt_systick                               0x0801ed09   Thumb Code    48  rt_system.o(i.rt_systick)
    rt_tmr_tick                              0x0801ed45   Thumb Code    56  rt_timer.o(i.rt_tmr_tick)
    rt_tsk_create                            0x0801ed85   Thumb Code   126  rt_task.o(i.rt_tsk_create)
    rt_tsk_delete                            0x0801ee19   Thumb Code   162  rt_task.o(i.rt_tsk_delete)
    rt_tsk_lock                              0x0801eed5   Thumb Code    70  rt_system.o(i.rt_tsk_lock)
    rt_tsk_pass                              0x0801ef25   Thumb Code    38  rt_task.o(i.rt_tsk_pass)
    rt_tsk_prio                              0x0801ef55   Thumb Code   110  rt_task.o(i.rt_tsk_prio)
    rt_tsk_self                              0x0801efd5   Thumb Code    12  rt_task.o(i.rt_tsk_self)
    rt_tsk_unlock                            0x0801efe5   Thumb Code    70  rt_system.o(i.rt_tsk_unlock)
    run_eth_link                             0x0801f035   Thumb Code   160  at_ethernet.o(i.run_eth_link)
    run_http_server                          0x0801f0e1   Thumb Code   740  at_http.o(i.run_http_server)
    set_u32                                  0x0801f41f   Thumb Code    16  at_lib.o(i.set_u32)
    str_copy                                 0x0801f42f   Thumb Code    22  at_lib.o(i.str_copy)
    str_pos                                  0x0801f445   Thumb Code    26  at_lib.o(i.str_pos)
    str_scomp                                0x0801f45f   Thumb Code    26  at_lib.o(i.str_scomp)
    str_up_case                              0x0801f479   Thumb Code    26  at_lib.o(i.str_up_case)
    tcp_abort                                0x0801f495   Thumb Code    78  at_tcp.o(i.tcp_abort)
    tcp_check_send                           0x0801f4ed   Thumb Code    48  at_tcp.o(i.tcp_check_send)
    tcp_close                                0x0801f525   Thumb Code   120  at_tcp.o(i.tcp_close)
    tcp_connect                              0x0801f5a5   Thumb Code   218  at_tcp.o(i.tcp_connect)
    tcp_get_buf                              0x0801f68d   Thumb Code    16  at_tcp.o(i.tcp_get_buf)
    tcp_get_socket                           0x0801f69d   Thumb Code    64  at_tcp.o(i.tcp_get_socket)
    tcp_get_state                            0x0801f6e5   Thumb Code    34  at_tcp.o(i.tcp_get_state)
    tcp_listen                               0x0801f725   Thumb Code   114  at_tcp.o(i.tcp_listen)
    tcp_max_dsize                            0x0801f841   Thumb Code    32  at_tcp.o(i.tcp_max_dsize)
    tcp_poll_sockets                         0x0801f865   Thumb Code   466  at_tcp.o(i.tcp_poll_sockets)
    tcp_send                                 0x0801fac1   Thumb Code   240  at_tcp.o(i.tcp_send)
    timer_tick                               0x0801fde5   Thumb Code     8  at_system.o(i.timer_tick)
    udp_close                                0x0801fdf1   Thumb Code    34  at_udp.o(i.udp_close)
    udp_get_buf                              0x0801fe1d   Thumb Code    16  at_udp.o(i.udp_get_buf)
    udp_get_socket                           0x0801fe2d   Thumb Code    64  at_udp.o(i.udp_get_socket)
    udp_open                                 0x0801fe75   Thumb Code   112  at_udp.o(i.udp_open)
    udp_send                                 0x0801fef1   Thumb Code   250  at_udp.o(i.udp_send)
    FileCnt                                  0x080201cc   Data           2  web.o(.constdata)
    index_htm                                0x080201ce   Data          43  web.o(.constdata)
    network_cgi                              0x080201f9   Data        2762  web.o(.constdata)
    system_cgi                               0x08020cc3   Data        6191  web.o(.constdata)
    main_page_cgi                            0x080224f2   Data        1907  web.o(.constdata)
    pg_header_inc                            0x08022c65   Data        1427  web.o(.constdata)
    pg_footer_inc                            0x080231f8   Data         101  web.o(.constdata)
    aplication_set_cgi                       0x0802325d   Data        2395  web.o(.constdata)
    FileTab                                  0x08023bb8   Data         280  web.o(.constdata)
    Object_table                             0x08023cd0   Data        1920  data_m.o(.constdata)
    subobject_table                          0x08024450   Data        1040  data_m.o(.constdata)
    table_week                               0x08024860   Data          12  usart.o(.constdata)
    mon_table                                0x0802486c   Data          12  usart.o(.constdata)
    MAC_Broadcast                            0x0802487c   Data           6  net_config.o(.constdata)
    IP_Broadcast                             0x08024882   Data           4  net_config.o(.constdata)
    nlocalm                                  0x08024886   Data          60  net_config.o(.constdata)
    netif_cfg                                0x080248c2   Data           1  net_config.o(.constdata)
    MPool_Size                               0x080248c4   Data           4  net_config.o(.constdata)
    tick_rate                                0x080248c8   Data           2  net_config.o(.constdata)
    arp_TabSize                              0x080248ca   Data           2  net_config.o(.constdata)
    arp_TimeOut                              0x080248cc   Data           2  net_config.o(.constdata)
    arp_MaxRetry                             0x080248ce   Data           1  net_config.o(.constdata)
    arp_Resend                               0x080248cf   Data           1  net_config.o(.constdata)
    udp_NumSocks                             0x080248d0   Data           1  net_config.o(.constdata)
    udp_LastPort                             0x080248d2   Data           2  net_config.o(.constdata)
    tcp_NumSocks                             0x080248d4   Data           1  net_config.o(.constdata)
    tcp_MaxRetry                             0x080248d5   Data           1  net_config.o(.constdata)
    tcp_LastPort                             0x080248d6   Data           2  net_config.o(.constdata)
    tcp_RetryTout                            0x080248d8   Data           2  net_config.o(.constdata)
    tcp_2MSSTout                             0x080248da   Data           2  net_config.o(.constdata)
    tcp_SynRetryTout                         0x080248dc   Data           2  net_config.o(.constdata)
    tcp_InitRetryTout                        0x080248de   Data           2  net_config.o(.constdata)
    tcp_DefTout                              0x080248e0   Data           2  net_config.o(.constdata)
    tcp_ConRetry                             0x080248e2   Data           1  net_config.o(.constdata)
    http_NumSess                             0x080248e3   Data           1  net_config.o(.constdata)
    http_EnAuth                              0x080248e4   Data           1  net_config.o(.constdata)
    http_PortNum                             0x080248e6   Data           2  net_config.o(.constdata)
    http_auth_user                           0x080248e8   Data           6  net_config.o(.constdata)
    os_maxtaskrun                            0x080248f0   Data           2  rtx_config.o(.constdata)
    os_stackinfo                             0x080248f4   Data           4  rtx_config.o(.constdata)
    os_rrobin                                0x080248f8   Data           4  rtx_config.o(.constdata)
    os_trv                                   0x080248fc   Data           4  rtx_config.o(.constdata)
    os_flags                                 0x08024900   Data           1  rtx_config.o(.constdata)
    os_clockrate                             0x08024904   Data           4  rtx_config.o(.constdata)
    os_timernum                              0x08024908   Data           4  rtx_config.o(.constdata)
    mp_tcb_size                              0x0802490c   Data           2  rtx_config.o(.constdata)
    mp_stk_size                              0x08024910   Data           4  rtx_config.o(.constdata)
    os_fifo_size                             0x08024914   Data           1  rtx_config.o(.constdata)
    mp_tmr_size                              0x08024916   Data           2  rtx_config.o(.constdata)
    http_err_401                             0x0802497a   Data          94  http_err.o(.constdata)
    http_err_404                             0x080249d8   Data          91  http_err.o(.constdata)
    http_err_501                             0x08024a33   Data          83  http_err.o(.constdata)
    http_err_head                            0x08024a86   Data          59  http_err.o(.constdata)
    http_err_foot                            0x08024ac1   Data         137  http_err.o(.constdata)
    __ctype_categories                       0x08024b4a   Data          64  ctype_c.o(.constdata)
    Region$$Table$$Base                      0x08024b8c   Number         0  anon$$obj.o(Region$$Table)
    Region$$Table$$Limit                     0x08024bac   Number         0  anon$$obj.o(Region$$Table)
    turn_num_temp                            0x20000000   Data           4  http_cgi.o(.data)
    bat_min_temp                             0x20000004   Data           2  http_cgi.o(.data)
    cur_min_temp                             0x20000006   Data           2  http_cgi.o(.data)
    send_time_temp                           0x20000008   Data           2  http_cgi.o(.data)
    lcd_text                                 0x2000000c   Data          34  main.o(.data)
    adc_result                               0x2000002e   Data           1  main.o(.data)
    bLamp_Phyerr_Report                      0x2000002f   Data           1  main.o(.data)
    LEDrun                                   0x20000048   Data           4  main.o(.data)
    LCDupdate                                0x2000004c   Data           4  main.o(.data)
    tick                                     0x20000050   Data           4  main.o(.data)
    dhcp_tout                                0x20000054   Data           4  main.o(.data)
    t_tcp_task                               0x20000058   Data           4  main.o(.data)
    t_ADC_task                               0x2000005c   Data           4  main.o(.data)
    t_learn_detect_task                      0x20000060   Data           4  main.o(.data)
    t_power_detect_task                      0x20000064   Data           4  main.o(.data)
    t_log_write_task                         0x20000068   Data           4  main.o(.data)
    t_eth_usart_communication_task           0x2000006c   Data           4  main.o(.data)
    t_key_task                               0x20000070   Data           4  main.o(.data)
    t_error_report_task                      0x20000074   Data           4  main.o(.data)
    eth_send_data_semaphore                  0x20000078   Data           8  main.o(.data)
    eth_client_sche_semaphore                0x20000080   Data           8  main.o(.data)
    Pwr_Freq_Index                           0x20000088   Data           2  global.o(.data)
    Pwr_Freq                                 0x2000008a   Data           2  global.o(.data)
    Pwr_Vol                                  0x2000008c   Data           2  global.o(.data)
    Flag_Report                              0x2000008e   Data           1  global.o(.data)
    Flag_Learn                               0x2000008f   Data           1  global.o(.data)
    Flag_Init                                0x20000090   Data           1  global.o(.data)
    Flag_DetectError                         0x20000091   Data           1  global.o(.data)
    Flag_NetTest                             0x20000092   Data           1  global.o(.data)
    Flag_NetRecover                          0x20000093   Data           1  global.o(.data)
    SysTime_NetRecover                       0x20000094   Data           4  global.o(.data)
    Flag_ErrorReport                         0x20000098   Data           1  global.o(.data)
    Flag_LampUse                             0x2000009c   Data           4  global.o(.data)
    Flag_RestartBoard                        0x200000a0   Data           1  global.o(.data)
    Dtae_Month                               0x200000a1   Data           1  global.o(.data)
    Flag_Charge                              0x200000a4   Data           4  global.o(.data)
    Para_Charge                              0x200000a8   Data           4  global.o(.data)
    LocalTime                                0x200000ac   Data           4  global.o(.data)
    Flag_ReadNote                            0x200000b0   Data           4  global.o(.data)
    Index_CurrentNote                        0x200000b4   Data           4  global.o(.data)
    Batton_Break_flag                        0x200000b8   Data           1  global.o(.data)
    test_batton_flag                         0x200000b9   Data           1  global.o(.data)
    POWER_ERROR_Recorded                     0x200000ba   Data           1  global.o(.data)
    Status_Last_print                        0x200000bc   Data           4  global.o(.data)
    Fliter_Count                             0x200000c0   Data           4  global.o(.data)
    First_Status_Flag                        0x200000c4   Data           1  global.o(.data)
    Test_Data                                0x200000c6   Data           2  global.o(.data)
    Flag_ReInit_Eth                          0x200000c8   Data           1  global.o(.data)
    Data_Port                                0x200000c9   Data           8  global.o(.data)
    Status_Error                             0x200000d4   Data           4  global.o(.data)
    Status_Error_time                        0x200000d8   Data           4  global.o(.data)
    SelfDetect_Complete_Flag                 0x200000dc   Data           1  global.o(.data)
    Waite_StatusChange_flag_1                0x200000dd   Data           1  global.o(.data)
    Waite_StatusChange_flag_2                0x200000de   Data           1  global.o(.data)
    Index_Status_next                        0x200000df   Data           1  global.o(.data)
    Alarm_Data                               0x200000e0   Data           1  global.o(.data)
    Alarm_Data_Old                           0x200000e1   Data           1  global.o(.data)
    Company_Data_Flag                        0x200000e2   Data           1  global.o(.data)
    status_collect_complete                  0x200000e3   Data           1  global.o(.data)
    collect_count                            0x200000e4   Data           1  global.o(.data)
    Last_State                               0x200000e8   Data           4  global.o(.data)
    Now_State                                0x200000ec   Data           4  global.o(.data)
    Work_State                               0x200000f0   Data           1  global.o(.data)
    Host_Communication_flag                  0x200000f1   Data           1  global.o(.data)
    debug_type                               0x200000f2   Data           1  global.o(.data)
    eth_send_data_flag                       0x200000f3   Data           1  global.o(.data)
    client_data_type                         0x200000f4   Data           1  global.o(.data)
    cli_connect_ser_flag                     0x200000f5   Data           1  global.o(.data)
    cli_connect_ser_state                    0x200000f6   Data           1  global.o(.data)
    cli_connect_wait_ack                     0x200000f7   Data           1  global.o(.data)
    server_wait_ack                          0x200000f8   Data           1  global.o(.data)
    mac_adr                                  0x200000f9   Data           6  global.o(.data)
    userName                                 0x200000ff   Data          17  global.o(.data)
    password                                 0x20000110   Data          17  global.o(.data)
    re_ch_pw_count                           0x20000121   Data           1  global.o(.data)
    alarm_restart_hour                       0x20000122   Data           1  global.o(.data)
    alarm_restart_minute                     0x20000123   Data           1  global.o(.data)
    turn_num                                 0x20000124   Data           4  global.o(.data)
    bat_min                                  0x20000128   Data           2  global.o(.data)
    cur_min                                  0x2000012a   Data           2  global.o(.data)
    send_time                                0x2000012c   Data           2  global.o(.data)
    turn_num_lxb                             0x20000130   Data           4  global.o(.data)
    machine_addr                             0x20000134   Data          30  global.o(.data)
    machine_addr_len                         0x20000152   Data           1  global.o(.data)
    machine_type                             0x20000153   Data           8  global.o(.data)
    machine_type_len                         0x2000015b   Data           1  global.o(.data)
    server_ip                                0x2000015c   Data           4  global.o(.data)
    server_port                              0x20000160   Data           2  global.o(.data)
    local_port                               0x20000162   Data           2  global.o(.data)
    myself_server_ip                         0x20000164   Data           4  global.o(.data)
    myself_server_port                       0x20000168   Data           2  global.o(.data)
    r_server_ip                              0x2000016a   Data           4  global.o(.data)
    r_server_port                            0x2000016e   Data           2  global.o(.data)
    r_local_port                             0x20000170   Data           2  global.o(.data)
    r_myself_server_ip                       0x20000172   Data           4  global.o(.data)
    r_myself_server_port                     0x20000176   Data           2  global.o(.data)
    r_mac_adr                                0x20000178   Data           6  global.o(.data)
    r_ip_config                              0x2000017e   Data          20  global.o(.data)
    r_password                               0x20000192   Data          17  global.o(.data)
    r_alarm_restart_hour                     0x200001a3   Data           1  global.o(.data)
    r_alarm_restart_minute                   0x200001a4   Data           1  global.o(.data)
    r_turn_num                               0x200001a8   Data           4  global.o(.data)
    r_bat_min                                0x200001ac   Data           2  global.o(.data)
    r_cur_min                                0x200001ae   Data           2  global.o(.data)
    r_send_time                              0x200001b0   Data           2  global.o(.data)
    r_turn_num_lxb                           0x200001b4   Data           4  global.o(.data)
    r_machine_addr                           0x200001b8   Data          30  global.o(.data)
    r_machine_addr_len                       0x200001d6   Data           1  global.o(.data)
    r_machine_type                           0x200001d7   Data           8  global.o(.data)
    r_machine_type_len                       0x200001df   Data           1  global.o(.data)
    r_xjj_machine_type                       0x200001e0   Data           8  global.o(.data)
    xjj_machine_type                         0x200001e8   Data           8  global.o(.data)
    last_log_type                            0x200001f0   Data           1  global.o(.data)
    ledlamp_err_count                        0x200001f2   Data           2  global.o(.data)
    eth_connect_count                        0x200001f4   Data           2  global.o(.data)
    eth_restart_count                        0x200001f6   Data           2  global.o(.data)
    current_stage_num                        0x200001f8   Data           1  global.o(.data)
    period_time                              0x200001f9   Data           1  global.o(.data)
    learn_count                              0x200001fa   Data           1  global.o(.data)
    error_report_count                       0x200001fc   Data           2  global.o(.data)
    error_report_answer                      0x200001fe   Data          20  global.o(.data)
    passage_clash_data                       0x20000212   Data           8  global.o(.data)
    passage_broken_data                      0x2000021a   Data           8  global.o(.data)
    Sys_Time                                 0x20000224   Data           4  global.o(.data)
    Count_Status                             0x20000228   Data           4  global.o(.data)
    Index_Status_Cur                         0x2000022c   Data           1  global.o(.data)
    Lamp_Mask_Bit                            0x20000230   Data           4  global.o(.data)
    Hardware_Mask_Bit                        0x20000234   Data           4  global.o(.data)
    Lamp_Yellow                              0x20000238   Data           4  global.o(.data)
    Lamp_Red                                 0x2000023c   Data           4  global.o(.data)
    Lamp_Green                               0x20000240   Data           4  global.o(.data)
    Charge_Para                              0x20000244   Data           8  global.o(.data)
    LampBroken_Type                          0x2000024c   Data           4  global.o(.data)
    Flag_UsartProtocol                       0x20000250   Data           1  global.o(.data)
    Flag_Communication                       0x20000251   Data           1  global.o(.data)
    GlobalTime                               0x20000254   Data           4  global.o(.data)
    Phase_CollisionList_MaxLine              0x20000258   Data           1  global.o(.data)
    Passage_ParaOutputList                   0x20000259   Data           8  global.o(.data)
    Flag_Download                            0x20000261   Data           1  global.o(.data)
    Lamp_PhyLevel                            0x20000262   Data           1  global.o(.data)
    Volatage_Power                           0x20000264   Data           2  global.o(.data)
    Frequence_Power                          0x20000266   Data           1  global.o(.data)
    bit_band_flag_1                          0x20000268   Data           4  global.o(.data)
    bit_band_flag_tsk                        0x2000026c   Data           4  global.o(.data)
    usart2_rx_counter                        0x20000270   Data           4  global.o(.data)
    tx_wr_index                              0x20000274   Data           4  global.o(.data)
    tx_rd_index                              0x20000278   Data           4  global.o(.data)
    tx_counter                               0x2000027c   Data           4  global.o(.data)
    tx_len_wr_index                          0x20000280   Data           4  global.o(.data)
    tx_len_rd_index                          0x20000284   Data           4  global.o(.data)
    tx_len_counter                           0x20000288   Data           4  global.o(.data)
    tx_buffer_overflow                       0x2000028c   Data           1  global.o(.data)
    tx_len_overflow                          0x2000028d   Data           1  global.o(.data)
    write_Client_wr_index                    0x20000290   Data           4  global.o(.data)
    write_Client_rd_index                    0x20000294   Data           4  global.o(.data)
    write_Client_counter                     0x20000298   Data           4  global.o(.data)
    write_Client_buffer_overflow             0x2000029c   Data           1  global.o(.data)
    write_MySelf_wr_index                    0x200002a0   Data           4  global.o(.data)
    write_MySelf_rd_index                    0x200002a4   Data           4  global.o(.data)
    write_MySelf_counter                     0x200002a8   Data           4  global.o(.data)
    write_MySelf_buffer_overflow             0x200002ac   Data           1  global.o(.data)
    tcp_soc_server                           0x200002ad   Data           1  global.o(.data)
    tcp_soc_client                           0x200002ae   Data           1  global.o(.data)
    tcp_soc_myself                           0x200002af   Data           1  global.o(.data)
    soc_state_lm                             0x200002b0   Data           1  global.o(.data)
    wait_ack_lm                              0x200002b1   Data           1  global.o(.data)
    last_filter_ADC                          0x200002c8   Data          64  adc_lxb.o(.data)
    bbb                                      0x20000308   Data           4  adc_lxb.o(.data)
    passage_filter_wr_index                  0x20000328   Data           1  adc_lxb.o(.data)
    passage_filter_rd_index                  0x20000329   Data           1  adc_lxb.o(.data)
    passage_filter_counter                   0x2000032a   Data           1  adc_lxb.o(.data)
    write_log_wr_index                       0x2000032c   Data           4  log.o(.data)
    write_log_rd_index                       0x20000330   Data           4  log.o(.data)
    write_log_counter                        0x20000334   Data           4  log.o(.data)
    write_log_buffer_overflow                0x20000338   Data           1  log.o(.data)
    own_hw_adr                               0x20000345   Data           6  net_config.o(.data)
    lhost_name                               0x2000034b   Data          16  net_config.o(.data)
    http_auth_dev                            0x2000035b   Data          21  net_config.o(.data)
    m_tmr                                    0x20000370   Data           4  rtx_config.o(.data)
    RTH_link_ok_lm                           0x20000378   Data           1  eth_stm32x.o(.data)
    SystemFrequency                          0x2000037c   Data           4  system_stm32f10x_cl.o(.data)
    SystemFrequency_SysClk                   0x20000380   Data           4  system_stm32f10x_cl.o(.data)
    SystemFrequency_AHBClk                   0x20000384   Data           4  system_stm32f10x_cl.o(.data)
    SystemFrequency_APB1Clk                  0x20000388   Data           4  system_stm32f10x_cl.o(.data)
    SystemFrequency_APB2Clk                  0x2000038c   Data           4  system_stm32f10x_cl.o(.data)
    sys_tick                                 0x200003e4   Data           1  at_system.o(.data)
    sec_tick                                 0x200003e5   Data           1  at_system.o(.data)
    timer_cnt                                0x200003e8   Data           2  at_system.o(.data)
    os_tsk                                   0x200003ec   Data           8  rt_task.o(.data)
    os_tick_irqn                             0x200003f8   Data           4  rt_system.o(.data)
    os_time                                  0x200003fc   Data           4  rt_time.o(.data)
    dbg_msg                                  0x20000400   Data           1  hal_cm3.o(.data)
    os_tmr                                   0x20000408   Data           8  rt_timer.o(.data)
    os_robin                                 0x20000410   Data           8  rt_robin.o(.data)
    __stdout                                 0x20000418   Data           4  stdout.o(.data)
    combin_passage_temp                      0x2000041c   Data          12  http_cgi.o(.bss)
    filter_one_value                         0x20000428   Data          64  main.o(.bss)
    current_lamp_level                       0x20000468   Data         704  main.o(.bss)
    usart_controlblk_task                    0x20000728   Data         908  main.o(.bss)
    tcp_stack                                0x20000b40   Data        3000  main.o(.bss)
    ADC_stack                                0x200016f8   Data        2000  main.o(.bss)
    learn_detect_stack                       0x20001ec8   Data        2000  main.o(.bss)
    power_detect_stack                       0x20002698   Data         800  main.o(.bss)
    log_write_stack                          0x200029b8   Data        2000  main.o(.bss)
    eth_usart_communication_stack            0x20003188   Data        1000  main.o(.bss)
    key_stack                                0x20003570   Data        1200  main.o(.bss)
    error_report_stack                       0x20003a20   Data         800  main.o(.bss)
    I2c_Mut_lm                               0x20003d40   Data          12  main.o(.bss)
    communication_rx_mut                     0x20003d4c   Data          12  main.o(.bss)
    table_global_mut                         0x20003d58   Data          12  main.o(.bss)
    data_to_comany_mut                       0x20003d64   Data          12  main.o(.bss)
    Write_Log_Mbox                           0x20003d70   Data          96  main.o(.bss)
    Communication_Mbox                       0x20003dd0   Data          96  main.o(.bss)
    err_report_mbox                          0x20003e30   Data          96  main.o(.bss)
    ADC_groups_data_once                     0x20003e90   Data          96  main.o(.bss)
    DMA_InitStructure                        0x20003ef0   Data          44  device_init.o(.bss)
    Lamp_Broken_Level                        0x20003f1c   Data          64  global.o(.bss)
    AD_Vol_Count                             0x20003f5c   Data          12  global.o(.bss)
    AD_Vol_Value                             0x20003f68   Data         960  global.o(.bss)
    Channel_Count                            0x20004328   Data          16  global.o(.bss)
    stage_time_table                         0x20004338   Data         128  global.o(.bss)
    standard_lamp_current                    0x200043b8   Data          64  global.o(.bss)
    combine_valid_passage                    0x200043f8   Data          12  global.o(.bss)
    error_report_time                        0x20004404   Data          20  global.o(.bss)
    ADC_buffer                               0x20004418   Data          32  global.o(.bss)
    Lamp_Status                              0x20004438   Data         120  global.o(.bss)
    Lamp_Time                                0x200044b0   Data         120  global.o(.bss)
    Lamp_Error_Recovery                      0x20004528   Data         128  global.o(.bss)
    Lamp_PhyLevelr_Detect                    0x200045a8   Data         128  global.o(.bss)
    USART_ControlBlk                         0x20004628   Data         908  global.o(.bss)
    Protocol_ControlBlk                      0x200049b4   Data        1650  global.o(.bss)
    Phase_CollisionList                      0x20005026   Data         180  global.o(.bss)
    Machine_Parameter                        0x200050da   Data         164  global.o(.bss)
    User_Name                                0x20005180   Data          64  global.o(.bss)
    User_Passord                             0x200051c0   Data          64  global.o(.bss)
    Ethernet_Parameter                       0x20005200   Data          48  global.o(.bss)
    collect_status                           0x20005230   Data          20  global.o(.bss)
    collect_value                            0x20005244   Data         144  global.o(.bss)
    Now_AD_Value                             0x200052d4   Data          48  global.o(.bss)
    usart2_rx_buff                           0x20005304   Data          20  global.o(.bss)
    eth_tx_fifo                              0x20005318   Data        2000  global.o(.bss)
    eth_tx_len                               0x20005ae8   Data         400  global.o(.bss)
    write_Client_fifo                        0x20005c78   Data        9000  global.o(.bss)
    write_MySelf_fifo                        0x20007fa0   Data         120  global.o(.bss)
    passage_filter_fifo                      0x20008018   Data         120  adc_lxb.o(.bss)
    lamp_stage_count                         0x20008090   Data          64  adc_lxb.o(.bss)
    stage_time_table_temp                    0x200080d0   Data         128  adc_lxb.o(.bss)
    lamp_report_table                        0x200081ec   Data          77  adc_lxb.o(.bss)
    write_log_wr_fifo                        0x20008239   Data         210  log.o(.bss)
    http_auth_passw                          0x2000830c   Data          20  net_config.o(.bss)
    Mem_Pool                                 0x20008320   Data        8192  net_config.o(.bss)
    arp_table                                0x2000a320   Data         140  net_config.o(.bss)
    udp_socket                               0x2000a3ac   Data          24  net_config.o(.bss)
    tcp_socket                               0x2000a3c4   Data         440  net_config.o(.bss)
    http_session                             0x2000a57c   Data         264  net_config.o(.bss)
    mp_tcb                                   0x2000a688   Data         540  rtx_config.o(.bss)
    mp_stk                                   0x2000a8a8   Data        1040  rtx_config.o(.bss)
    os_fifo                                  0x2000acb8   Data         132  rtx_config.o(.bss)
    os_active_TCB                            0x2000ad3c   Data          44  rtx_config.o(.bss)
    localm                                   0x2000d248   Data          60  at_system.o(.bss)
    os_idle_TCB                              0x2000d284   Data          48  rt_task.o(.bss)
    os_rdy                                   0x2000d2b4   Data          24  rt_list.o(.bss)
    os_dly                                   0x2000d2cc   Data          24  rt_list.o(.bss)
    __initial_sp                             0x2000d6e8   Data           0  startup_stm32f10x_cl.o(STACK)



==============================================================================

Memory Map of the image

  Image Entry point : 0x08009151

  Load Region LR_IROM1 (Base: 0x08009000, Size: 0x0001bfc8, Max: 0x00040000, ABSOLUTE, COMPRESSED[0x0001bc78])

    Execution Region ER_IROM1 (Base: 0x08009000, Size: 0x0001bbac, Max: 0x00040000, ABSOLUTE)

    Base Addr    Size         Type   Attr      Idx    E Section Name        Object

    0x08009000   0x00000150   Data   RO          585    RESET               startup_stm32f10x_cl.o
    0x08009150   0x00000000   Code   RO         1791  * .ARM.Collect$$$$00000000  mc_w.l(entry.o)
    0x08009150   0x00000004   Code   RO         2111    .ARM.Collect$$$$00000001  mc_w.l(entry2.o)
    0x08009154   0x00000004   Code   RO         2114    .ARM.Collect$$$$00000004  mc_w.l(entry5.o)
    0x08009158   0x00000000   Code   RO         2116    .ARM.Collect$$$$00000008  mc_w.l(entry7b.o)
    0x08009158   0x00000000   Code   RO         2118    .ARM.Collect$$$$0000000A  mc_w.l(entry8b.o)
    0x08009158   0x00000008   Code   RO         2119    .ARM.Collect$$$$0000000B  mc_w.l(entry9a.o)
    0x08009160   0x00000000   Code   RO         2121    .ARM.Collect$$$$0000000D  mc_w.l(entry10a.o)
    0x08009160   0x00000000   Code   RO         2123    .ARM.Collect$$$$0000000F  mc_w.l(entry11a.o)
    0x08009160   0x00000004   Code   RO         2112    .ARM.Collect$$$$00002712  mc_w.l(entry2.o)
    0x08009164   0x00000154   Code   RO         1541    .emb_text           RTX_CM3.LIB(hal_cm3.o)
    0x080092b8   0x000017a0   Code   RO            3    .text               http_cgi.o
    0x0800aa58   0x00006acc   Code   RO          159    .text               main.o
    0x08011524   0x00000a6c   Code   RO          215    .text               device_init.o
    0x08011f90   0x00000328   Code   RO          288    .text               stm32f10x_it.o
    0x080122b8   0x000013d0   Code   RO          317    .text               adc_lxb.o
    0x08013688   0x000000f4   Code   RO          341    .text               log.o
    0x0801377c   0x000005f0   Code   RO          373    .text               i2c.o
    0x08013d6c   0x0000018c   Code   RO          397    .text               spi.o
    0x08013ef8   0x000005b8   Code   RO          417    .text               data_init.o
    0x080144b0   0x000001ec   Code   RO          437    .text               key.o
    0x0801469c   0x000025c4   Code   RO          484    .text               usart.o
    0x08016c60   0x000006bc   Code   RO          514    .text               machine.o
    0x0801731c   0x0000009c   Code   RO          536    .text               net_config.o
    0x080173b8   0x00000108   Code   RO          563    .text               rtx_config.o
    0x080174c0   0x0000001c   Code   RO          586    .text               startup_stm32f10x_cl.o
    0x080174dc   0x000004e4   Code   RO          592    .text               eth_stm32x.o
    0x080179c0   0x000001e8   Code   RO          628    .text               system_stm32f10x_cl.o
    0x08017ba8   0x000000dc   Code   RO          654    .text               misc.o
    0x08017c84   0x0000044e   Code   RO          674    .text               stm32f10x_adc.o
    0x080180d2   0x00000002   PAD
    0x080180d4   0x000000c4   Code   RO          694    .text               stm32f10x_bkp.o
    0x08018198   0x00000250   Code   RO          714    .text               stm32f10x_dma.o
    0x080183e8   0x0000011c   Code   RO          734    .text               stm32f10x_exti.o
    0x08018504   0x00000358   Code   RO          754    .text               stm32f10x_gpio.o
    0x0801885c   0x00000040   Code   RO          794    .text               stm32f10x_iwdg.o
    0x0801889c   0x00000504   Code   RO          814    .text               stm32f10x_rcc.o
    0x08018da0   0x00000354   Code   RO          836    .text               stm32f10x_spi.o
    0x080190f4   0x00000e1a   Code   RO          856    .text               stm32f10x_tim.o
    0x08019f0e   0x00000002   PAD
    0x08019f10   0x00000408   Code   RO          876    .text               stm32f10x_usart.o
    0x0801a318   0x000000cc   Code   RO          896    .text               stm32f10x_pwr.o
    0x0801a3e4   0x0000000c   Code   RO         1794    .text               mc_w.l(toupper.o)
    0x0801a3f0   0x00000024   Code   RO         1796    .text               mc_w.l(memcpya.o)
    0x0801a414   0x00000024   Code   RO         1798    .text               mc_w.l(memseta.o)
    0x0801a438   0x00000018   Code   RO         1800    .text               mc_w.l(strcat.o)
    0x0801a450   0x0000000e   Code   RO         1802    .text               mc_w.l(strlen.o)
    0x0801a45e   0x0000001c   Code   RO         1804    .text               mc_w.l(strcmp.o)
    0x0801a47a   0x00000002   PAD
    0x0801a47c   0x00000038   Code   RO         2069    .text               mc_w.l(__0sscanf.o)
    0x0801a4b4   0x00000150   Code   RO         2071    .text               mc_w.l(_scanf_int.o)
    0x0801a604   0x000000da   Code   RO         2073    .text               mc_w.l(_scanf_str.o)
    0x0801a6de   0x00000002   PAD
    0x0801a6e0   0x0000033c   Code   RO         2075    .text               mc_w.l(scanf_fp.o)
    0x0801aa1c   0x000000b0   Code   RO         2079    .text               mf_w.l(fadd.o)
    0x0801aacc   0x0000006c   Code   RO         2081    .text               mf_w.l(fmul.o)
    0x0801ab38   0x00000080   Code   RO         2083    .text               mf_w.l(fdiv.o)
    0x0801abb8   0x0000014e   Code   RO         2085    .text               mf_w.l(dadd.o)
    0x0801ad06   0x000000e4   Code   RO         2087    .text               mf_w.l(dmul.o)
    0x0801adea   0x000000de   Code   RO         2089    .text               mf_w.l(ddiv.o)
    0x0801aec8   0x0000000a   Code   RO         2091    .text               mf_w.l(ffltui.o)
    0x0801aed2   0x00000022   Code   RO         2093    .text               mf_w.l(dflti.o)
    0x0801aef4   0x0000001a   Code   RO         2095    .text               mf_w.l(dfltui.o)
    0x0801af0e   0x00000028   Code   RO         2097    .text               mf_w.l(ffixui.o)
    0x0801af36   0x00000032   Code   RO         2099    .text               mf_w.l(dfixui.o)
    0x0801af68   0x00000026   Code   RO         2101    .text               mf_w.l(f2d.o)
    0x0801af8e   0x00000002   PAD
    0x0801af90   0x00000028   Code   RO         2103    .text               mf_w.l(cdrcmple.o)
    0x0801afb8   0x00000038   Code   RO         2105    .text               mf_w.l(d2f.o)
    0x0801aff0   0x00000014   Code   RO         2107    .text               mf_w.l(cfcmple.o)
    0x0801b004   0x00000014   Code   RO         2109    .text               mf_w.l(cfrcmple.o)
    0x0801b018   0x0000002c   Code   RO         2126    .text               mc_w.l(uidiv.o)
    0x0801b044   0x00000062   Code   RO         2128    .text               mc_w.l(uldiv.o)
    0x0801b0a6   0x0000001e   Code   RO         2130    .text               mc_w.l(llshl.o)
    0x0801b0c4   0x00000020   Code   RO         2132    .text               mc_w.l(llushr.o)
    0x0801b0e4   0x00000024   Code   RO         2134    .text               mc_w.l(llsshr.o)
    0x0801b108   0x0000001c   Code   RO         2136    .text               mc_w.l(_chval.o)
    0x0801b124   0x00000028   Code   RO         2138    .text               mc_w.l(scanf_char.o)
    0x0801b14c   0x00000040   Code   RO         2140    .text               mc_w.l(_sgetc.o)
    0x0801b18c   0x00000000   Code   RO         2142    .text               mc_w.l(iusefp.o)
    0x0801b18c   0x0000006c   Code   RO         2143    .text               mf_w.l(fepilogue.o)
    0x0801b1f8   0x000000be   Code   RO         2145    .text               mf_w.l(depilogue.o)
    0x0801b2b6   0x00000018   Code   RO         2147    .text               mf_w.l(dfltul.o)
    0x0801b2ce   0x00000030   Code   RO         2149    .text               mf_w.l(dfixul.o)
    0x0801b2fe   0x00000002   PAD
    0x0801b300   0x00000024   Code   RO         2151    .text               mc_w.l(init.o)
    0x0801b324   0x0000000a   Code   RO         2153    .text               mc_w.l(isspace_c.o)
    0x0801b32e   0x00000002   PAD
    0x0801b330   0x0000032c   Code   RO         2155    .text               mc_w.l(_scanf.o)
    0x0801b65c   0x00000028   Code   RO         2157    .text               mc_w.l(ctype_c.o)
    0x0801b684   0x0000005c   Code   RO         2168    .text               mc_w.l(__dczerorl2.o)
    0x0801b6e0   0x00000004   Code   RO         1788    SVC_TABLE           RTX_CM3.LIB(SVC_Table.o)
    0x0801b6e4   0x00000016   Code   RO         1104    i.CalcChksum        TCP_CM3.lib(at_lib.o)
    0x0801b6fa   0x00000002   PAD
    0x0801b6fc   0x00000028   Code   RO         1105    i.CalcChksumBuf     TCP_CM3.lib(at_lib.o)
    0x0801b724   0x0000000a   Code   RO         1106    i.CalcChksumVal     TCP_CM3.lib(at_lib.o)
    0x0801b72e   0x0000000a   Code   RO         1107    i.SwapB             TCP_CM3.lib(at_lib.o)
    0x0801b738   0x00000020   Code   RO         2041    i.__0printf         mc_w.l(printfa.o)
    0x0801b758   0x00000028   Code   RO         2043    i.__0sprintf        mc_w.l(printfa.o)
    0x0801b780   0x0000000e   Code   RO         2162    i.__scatterload_copy  mc_w.l(handlers.o)
    0x0801b78e   0x00000002   Code   RO         2163    i.__scatterload_null  mc_w.l(handlers.o)
    0x0801b790   0x0000000e   Code   RO         2164    i.__scatterload_zeroinit  mc_w.l(handlers.o)
    0x0801b79e   0x00000002   PAD
    0x0801b7a0   0x0000015c   Code   RO         2048    i._fp_digits        mc_w.l(printfa.o)
    0x0801b8fc   0x00000046   Code   RO         1759    i._init_box         RTX_CM3.LIB(rt_membox.o)
    0x0801b942   0x0000000e   Code   RO         2077    i._is_digit         mc_w.l(scanf_fp.o)
    0x0801b950   0x000006f0   Code   RO         2049    i._printf_core      mc_w.l(printfa.o)
    0x0801c040   0x00000026   Code   RO         2050    i._printf_post_padding  mc_w.l(printfa.o)
    0x0801c066   0x00000030   Code   RO         2051    i._printf_pre_padding  mc_w.l(printfa.o)
    0x0801c096   0x0000000a   Code   RO         2053    i._sputc            mc_w.l(printfa.o)
    0x0801c0a0   0x0000009c   Code   RO         1148    i.alloc_mem         TCP_CM3.lib(at_mem.o)
    0x0801c13c   0x000000e0   Code   RO         1582    i.arp_cache_add     TCP_CM3.lib(at_arp.o)
    0x0801c21c   0x00000068   Code   RO         1583    i.arp_cache_alloc   TCP_CM3.lib(at_arp.o)
    0x0801c284   0x00000114   Code   RO         1584    i.arp_cache_find    TCP_CM3.lib(at_arp.o)
    0x0801c398   0x000000d4   Code   RO         1586    i.arp_cache_update  TCP_CM3.lib(at_arp.o)
    0x0801c46c   0x00000068   Code   RO         1588    i.arp_get_response  TCP_CM3.lib(at_arp.o)
    0x0801c4d4   0x0000009c   Code   RO         1589    i.arp_send_reply    TCP_CM3.lib(at_arp.o)
    0x0801c570   0x00000098   Code   RO         1590    i.arp_send_req      TCP_CM3.lib(at_arp.o)
    0x0801c608   0x00000074   Code   RO         1109    i.b64_to_asc        TCP_CM3.lib(at_lib.o)
    0x0801c67c   0x00000004   Code   RO         1007    i.cgx_content_type  TCP_CM3.lib(at_http.o)
    0x0801c680   0x000001c8   Code   RO         1008    i.chk_post_rq       TCP_CM3.lib(at_http.o)
    0x0801c848   0x00000028   Code   RO         1009    i.cmp_header        TCP_CM3.lib(at_http.o)
    0x0801c870   0x00000030   Code   RO         1542    i.dbg_init          RTX_CM3.LIB(hal_cm3.o)
    0x0801c8a0   0x00000020   Code   RO         1543    i.dbg_task_notify   RTX_CM3.LIB(hal_cm3.o)
    0x0801c8c0   0x00000010   Code   RO         1544    i.dbg_task_switch   RTX_CM3.LIB(hal_cm3.o)
    0x0801c8d0   0x00000024   Code   RO         1069    i.dhcp_disable      TCP_CM3.lib(at_dhcp.o)
    0x0801c8f4   0x00000010   Code   RO         1086    i.eth_chk_adr       TCP_CM3.lib(at_ethernet.o)
    0x0801c904   0x00000094   Code   RO         1088    i.eth_send_frame    TCP_CM3.lib(at_ethernet.o)
    0x0801c998   0x00000068   Code   RO         1149    i.free_mem          TCP_CM3.lib(at_mem.o)
    0x0801ca00   0x00000028   Code   RO         1010    i.get_next_field    TCP_CM3.lib(at_http.o)
    0x0801ca28   0x00000032   Code   RO         1011    i.get_next_par      TCP_CM3.lib(at_http.o)
    0x0801ca5a   0x00000016   Code   RO         1114    i.get_u32           TCP_CM3.lib(at_lib.o)
    0x0801ca70   0x00000012   Code   RO         1012    i.hex2byte          TCP_CM3.lib(at_http.o)
    0x0801ca82   0x00000004   Code   RO         1013    i.http_accept_host  TCP_CM3.lib(at_http.o)
    0x0801ca86   0x00000002   PAD
    0x0801ca88   0x0000005c   Code   RO         1014    i.http_accept_lang  TCP_CM3.lib(at_http.o)
    0x0801cae4   0x000001e0   Code   RO         1015    i.http_add_header   TCP_CM3.lib(at_http.o)
    0x0801ccc4   0x00000084   Code   RO         1016    i.http_chk_auth     TCP_CM3.lib(at_http.o)
    0x0801cd48   0x00000178   Code   RO         1017    i.http_error_msg    TCP_CM3.lib(at_http.o)
    0x0801cec0   0x00000002   Code   RO         1623    i.http_fclose       TCP_CM3.lib(at_http_uif.o)
    0x0801cec2   0x00000004   Code   RO         1624    i.http_fgets        TCP_CM3.lib(at_http_uif.o)
    0x0801cec6   0x00000002   PAD
    0x0801cec8   0x00000050   Code   RO         1018    i.http_file_type    TCP_CM3.lib(at_http.o)
    0x0801cf18   0x00000004   Code   RO         1625    i.http_fopen        TCP_CM3.lib(at_http_uif.o)
    0x0801cf1c   0x00000004   Code   RO         1626    i.http_fread        TCP_CM3.lib(at_http_uif.o)
    0x0801cf20   0x00000070   Code   RO         1023    i.http_get_var      TCP_CM3.lib(at_http.o)
    0x0801cf90   0x0000004e   Code   RO         1024    i.http_kill_session  TCP_CM3.lib(at_http.o)
    0x0801cfde   0x00000002   PAD
    0x0801cfe0   0x00000270   Code   RO         1025    i.http_listener     TCP_CM3.lib(at_http.o)
    0x0801d250   0x00000110   Code   RO         1026    i.http_open_file    TCP_CM3.lib(at_http.o)
    0x0801d360   0x00000158   Code   RO         1027    i.http_proc_multipart  TCP_CM3.lib(at_http.o)
    0x0801d4b8   0x0000001a   Code   RO         1028    i.http_strchr       TCP_CM3.lib(at_http.o)
    0x0801d4d2   0x0000001e   Code   RO         1029    i.http_strcpy       TCP_CM3.lib(at_http.o)
    0x0801d4f0   0x00000038   Code   RO         1158    i.init_TcpNet       TCP_CM3.lib(at_system.o)
    0x0801d528   0x00000028   Code   RO         1591    i.init_arp          TCP_CM3.lib(at_arp.o)
    0x0801d550   0x00000024   Code   RO         1089    i.init_eth_link     TCP_CM3.lib(at_ethernet.o)
    0x0801d574   0x00000064   Code   RO         1030    i.init_http         TCP_CM3.lib(at_http.o)
    0x0801d5d8   0x00000024   Code   RO         1150    i.init_mem          TCP_CM3.lib(at_mem.o)
    0x0801d5fc   0x0000002c   Code   RO         1063    i.init_nbns         TCP_CM3.lib(at_nbns.o)
    0x0801d628   0x00000018   Code   RO          937    i.init_tcp          TCP_CM3.lib(at_tcp.o)
    0x0801d640   0x0000001c   Code   RO          988    i.init_udp          TCP_CM3.lib(at_udp.o)
    0x0801d65c   0x000000c0   Code   RO         1607    i.ip_chk_frame      TCP_CM3.lib(at_ip.o)
    0x0801d71c   0x0000000a   Code   RO         1608    i.ip_get_chksum     TCP_CM3.lib(at_ip.o)
    0x0801d726   0x00000002   PAD
    0x0801d728   0x00000098   Code   RO         1609    i.ip_get_locadr     TCP_CM3.lib(at_ip.o)
    0x0801d7c0   0x0000008c   Code   RO         1610    i.ip_send_frame     TCP_CM3.lib(at_ip.o)
    0x0801d84c   0x00000022   Code   RO         1115    i.is_subnet         TCP_CM3.lib(at_lib.o)
    0x0801d86e   0x00000002   PAD
    0x0801d870   0x0000002c   Code   RO         1592    i.is_subnet_bcast   TCP_CM3.lib(at_arp.o)
    0x0801d89c   0x00000028   Code   RO         1354    i.isr_evt_set       RTX_CM3.LIB(rt_event.o)
    0x0801d8c4   0x0000000e   Code   RO         1397    i.isr_mbx_send      RTX_CM3.LIB(rt_mailbox.o)
    0x0801d8d2   0x00000002   PAD
    0x0801d8d4   0x0000003c   Code   RO         1159    i.main_TcpNet       TCP_CM3.lib(at_system.o)
    0x0801d910   0x0000001e   Code   RO         1116    i.mem_comp          TCP_CM3.lib(at_lib.o)
    0x0801d92e   0x00000002   PAD
    0x0801d930   0x0000001e   Code   RO         1117    i.mem_copy          TCP_CM3.lib(at_lib.o)
    0x0801d94e   0x00000002   PAD
    0x0801d950   0x00000010   Code   RO         1119    i.mem_set           TCP_CM3.lib(at_lib.o)
    0x0801d960   0x00000016   Code   RO         1120    i.mem_test          TCP_CM3.lib(at_lib.o)
    0x0801d976   0x00000002   PAD
    0x0801d978   0x00000130   Code   RO         1064    i.nbns_listener     TCP_CM3.lib(at_nbns.o)
    0x0801daa8   0x00000028   Code   RO         1267    i.os_tick_init      RTX_CM3.LIB(rt_system.o)
    0x0801dad0   0x00000002   Code   RO         1268    i.os_tick_irqack    RTX_CM3.LIB(rt_system.o)
    0x0801dad2   0x00000002   Code   RO         1090    i.poll_ethernet     TCP_CM3.lib(at_ethernet.o)
    0x0801dad4   0x00000090   Code   RO         1593    i.process_arp       TCP_CM3.lib(at_arp.o)
    0x0801db64   0x00000002   Code   RO         1091    i.process_hl_igmp   TCP_CM3.lib(at_ethernet.o)
    0x0801db66   0x00000074   Code   RO         1616    i.process_icmp      TCP_CM3.lib(at_icmp.o)
    0x0801dbda   0x00000002   PAD
    0x0801dbdc   0x00000424   Code   RO          938    i.process_tcp       TCP_CM3.lib(at_tcp.o)
    0x0801e000   0x000000d0   Code   RO          989    i.process_udp       TCP_CM3.lib(at_udp.o)
    0x0801e0d0   0x0000002c   Code   RO         1092    i.put_in_queue      TCP_CM3.lib(at_ethernet.o)
    0x0801e0fc   0x0000007c   Code   RO         1031    i.read_script_line  TCP_CM3.lib(at_http.o)
    0x0801e178   0x00000034   Code   RO         1151    i.resize_mem        TCP_CM3.lib(at_mem.o)
    0x0801e1ac   0x0000001a   Code   RO         1760    i.rt_alloc_box      RTX_CM3.LIB(rt_membox.o)
    0x0801e1c6   0x00000002   PAD
    0x0801e1c8   0x00000038   Code   RO         1167    i.rt_block          RTX_CM3.LIB(rt_task.o)
    0x0801e200   0x00000048   Code   RO         1737    i.rt_chk_robin      RTX_CM3.LIB(rt_robin.o)
    0x0801e248   0x00000074   Code   RO         1631    i.rt_dec_dly        RTX_CM3.LIB(rt_list.o)
    0x0801e2bc   0x00000044   Code   RO         1168    i.rt_dispatch       RTX_CM3.LIB(rt_task.o)
    0x0801e300   0x00000006   Code   RO         1484    i.rt_dly_wait       RTX_CM3.LIB(rt_time.o)
    0x0801e306   0x00000002   PAD
    0x0801e308   0x0000004c   Code   RO         1357    i.rt_evt_psh        RTX_CM3.LIB(rt_event.o)
    0x0801e354   0x00000060   Code   RO         1358    i.rt_evt_set        RTX_CM3.LIB(rt_event.o)
    0x0801e3b4   0x0000003c   Code   RO         1359    i.rt_evt_wait       RTX_CM3.LIB(rt_event.o)
    0x0801e3f0   0x00000020   Code   RO         1761    i.rt_free_box       RTX_CM3.LIB(rt_membox.o)
    0x0801e410   0x00000028   Code   RO         1632    i.rt_get_first      RTX_CM3.LIB(rt_list.o)
    0x0801e438   0x00000024   Code   RO         1633    i.rt_get_same_rdy_prio  RTX_CM3.LIB(rt_list.o)
    0x0801e45c   0x00000044   Code   RO         1169    i.rt_init_context   RTX_CM3.LIB(rt_task.o)
    0x0801e4a0   0x00000018   Code   RO         1738    i.rt_init_robin     RTX_CM3.LIB(rt_robin.o)
    0x0801e4b8   0x00000050   Code   RO         1545    i.rt_init_stack     RTX_CM3.LIB(hal_cm3.o)
    0x0801e508   0x00000018   Code   RO         1485    i.rt_itv_set        RTX_CM3.LIB(rt_time.o)
    0x0801e520   0x0000002c   Code   RO         1486    i.rt_itv_wait       RTX_CM3.LIB(rt_time.o)
    0x0801e54c   0x0000001a   Code   RO         1399    i.rt_mbx_init       RTX_CM3.LIB(rt_mailbox.o)
    0x0801e566   0x00000002   PAD
    0x0801e568   0x000000c0   Code   RO         1400    i.rt_mbx_psh        RTX_CM3.LIB(rt_mailbox.o)
    0x0801e628   0x000000a0   Code   RO         1401    i.rt_mbx_send       RTX_CM3.LIB(rt_mailbox.o)
    0x0801e6c8   0x000000b8   Code   RO         1402    i.rt_mbx_wait       RTX_CM3.LIB(rt_mailbox.o)
    0x0801e780   0x00000010   Code   RO         1517    i.rt_mut_init       RTX_CM3.LIB(rt_mutex.o)
    0x0801e790   0x000000ac   Code   RO         1518    i.rt_mut_release    RTX_CM3.LIB(rt_mutex.o)
    0x0801e83c   0x00000064   Code   RO         1519    i.rt_mut_wait       RTX_CM3.LIB(rt_mutex.o)
    0x0801e8a0   0x00000078   Code   RO         1269    i.rt_pop_req        RTX_CM3.LIB(rt_system.o)
    0x0801e918   0x00000020   Code   RO         1270    i.rt_psh_req        RTX_CM3.LIB(rt_system.o)
    0x0801e938   0x00000058   Code   RO         1634    i.rt_psq_enq        RTX_CM3.LIB(rt_list.o)
    0x0801e990   0x00000048   Code   RO         1635    i.rt_put_dly        RTX_CM3.LIB(rt_list.o)
    0x0801e9d8   0x00000036   Code   RO         1636    i.rt_put_prio       RTX_CM3.LIB(rt_list.o)
    0x0801ea0e   0x00000002   PAD
    0x0801ea10   0x00000014   Code   RO         1637    i.rt_put_rdy_first  RTX_CM3.LIB(rt_list.o)
    0x0801ea24   0x00000034   Code   RO         1638    i.rt_resort_prio    RTX_CM3.LIB(rt_list.o)
    0x0801ea58   0x00000028   Code   RO         1639    i.rt_rmv_dly        RTX_CM3.LIB(rt_list.o)
    0x0801ea80   0x00000030   Code   RO         1640    i.rt_rmv_list       RTX_CM3.LIB(rt_list.o)
    0x0801eab0   0x0000000c   Code   RO         1449    i.rt_sem_init       RTX_CM3.LIB(rt_semaphore.o)
    0x0801eabc   0x00000034   Code   RO         1450    i.rt_sem_psh        RTX_CM3.LIB(rt_semaphore.o)
    0x0801eaf0   0x00000038   Code   RO         1451    i.rt_sem_send       RTX_CM3.LIB(rt_semaphore.o)
    0x0801eb28   0x0000003c   Code   RO         1452    i.rt_sem_wait       RTX_CM3.LIB(rt_semaphore.o)
    0x0801eb64   0x00000024   Code   RO         1272    i.rt_stk_check      RTX_CM3.LIB(rt_system.o)
    0x0801eb88   0x00000028   Code   RO         1170    i.rt_switch_req     RTX_CM3.LIB(rt_task.o)
    0x0801ebb0   0x00000158   Code   RO         1171    i.rt_sys_init       RTX_CM3.LIB(rt_task.o)
    0x0801ed08   0x0000003c   Code   RO         1274    i.rt_systick        RTX_CM3.LIB(rt_system.o)
    0x0801ed44   0x00000040   Code   RO         1712    i.rt_tmr_tick       RTX_CM3.LIB(rt_timer.o)
    0x0801ed84   0x00000094   Code   RO         1172    i.rt_tsk_create     RTX_CM3.LIB(rt_task.o)
    0x0801ee18   0x000000bc   Code   RO         1173    i.rt_tsk_delete     RTX_CM3.LIB(rt_task.o)
    0x0801eed4   0x00000050   Code   RO         1275    i.rt_tsk_lock       RTX_CM3.LIB(rt_system.o)
    0x0801ef24   0x00000030   Code   RO         1174    i.rt_tsk_pass       RTX_CM3.LIB(rt_task.o)
    0x0801ef54   0x00000080   Code   RO         1175    i.rt_tsk_prio       RTX_CM3.LIB(rt_task.o)
    0x0801efd4   0x00000010   Code   RO         1176    i.rt_tsk_self       RTX_CM3.LIB(rt_task.o)
    0x0801efe4   0x00000050   Code   RO         1276    i.rt_tsk_unlock     RTX_CM3.LIB(rt_system.o)
    0x0801f034   0x000000ac   Code   RO         1093    i.run_eth_link      TCP_CM3.lib(at_ethernet.o)
    0x0801f0e0   0x000002f4   Code   RO         1032    i.run_http_server   TCP_CM3.lib(at_http.o)
    0x0801f3d4   0x0000004a   Code   RO         1033    i.search_delim      TCP_CM3.lib(at_http.o)
    0x0801f41e   0x00000010   Code   RO         1121    i.set_u32           TCP_CM3.lib(at_lib.o)
    0x0801f42e   0x00000016   Code   RO         1122    i.str_copy          TCP_CM3.lib(at_lib.o)
    0x0801f444   0x0000001a   Code   RO         1123    i.str_pos           TCP_CM3.lib(at_lib.o)
    0x0801f45e   0x0000001a   Code   RO         1124    i.str_scomp         TCP_CM3.lib(at_lib.o)
    0x0801f478   0x0000001a   Code   RO         1125    i.str_up_case       TCP_CM3.lib(at_lib.o)
    0x0801f492   0x00000002   PAD
    0x0801f494   0x00000058   Code   RO          939    i.tcp_abort         TCP_CM3.lib(at_tcp.o)
    0x0801f4ec   0x00000038   Code   RO          940    i.tcp_check_send    TCP_CM3.lib(at_tcp.o)
    0x0801f524   0x00000080   Code   RO          941    i.tcp_close         TCP_CM3.lib(at_tcp.o)
    0x0801f5a4   0x000000e8   Code   RO          942    i.tcp_connect       TCP_CM3.lib(at_tcp.o)
    0x0801f68c   0x00000010   Code   RO          944    i.tcp_get_buf       TCP_CM3.lib(at_tcp.o)
    0x0801f69c   0x00000048   Code   RO          945    i.tcp_get_socket    TCP_CM3.lib(at_tcp.o)
    0x0801f6e4   0x0000002c   Code   RO          946    i.tcp_get_state     TCP_CM3.lib(at_tcp.o)
    0x0801f710   0x00000014   Code   RO          947    i.tcp_init_seq      TCP_CM3.lib(at_tcp.o)
    0x0801f724   0x0000007c   Code   RO          948    i.tcp_listen        TCP_CM3.lib(at_tcp.o)
    0x0801f7a0   0x000000a0   Code   RO          949    i.tcp_map_socket    TCP_CM3.lib(at_tcp.o)
    0x0801f840   0x00000024   Code   RO          950    i.tcp_max_dsize     TCP_CM3.lib(at_tcp.o)
    0x0801f864   0x000001f0   Code   RO          951    i.tcp_poll_sockets  TCP_CM3.lib(at_tcp.o)
    0x0801fa54   0x0000006c   Code   RO          952    i.tcp_process_opt   TCP_CM3.lib(at_tcp.o)
    0x0801fac0   0x00000100   Code   RO          955    i.tcp_send          TCP_CM3.lib(at_tcp.o)
    0x0801fbc0   0x00000022   Code   RO          956    i.tcp_send_ctrl     TCP_CM3.lib(at_tcp.o)
    0x0801fbe2   0x00000002   PAD
    0x0801fbe4   0x000000f4   Code   RO          957    i.tcp_send_frame    TCP_CM3.lib(at_tcp.o)
    0x0801fcd8   0x00000080   Code   RO          958    i.tcp_send_reset    TCP_CM3.lib(at_tcp.o)
    0x0801fd58   0x00000012   Code   RO          960    i.tcp_set_retransmit  TCP_CM3.lib(at_tcp.o)
    0x0801fd6a   0x00000002   PAD
    0x0801fd6c   0x00000078   Code   RO          961    i.tcp_transit       TCP_CM3.lib(at_tcp.o)
    0x0801fde4   0x0000000c   Code   RO         1160    i.timer_tick        TCP_CM3.lib(at_system.o)
    0x0801fdf0   0x0000002c   Code   RO          990    i.udp_close         TCP_CM3.lib(at_udp.o)
    0x0801fe1c   0x00000010   Code   RO          991    i.udp_get_buf       TCP_CM3.lib(at_udp.o)
    0x0801fe2c   0x00000048   Code   RO          992    i.udp_get_socket    TCP_CM3.lib(at_udp.o)
    0x0801fe74   0x0000007c   Code   RO          994    i.udp_open          TCP_CM3.lib(at_udp.o)
    0x0801fef0   0x00000104   Code   RO          996    i.udp_send          TCP_CM3.lib(at_udp.o)
    0x0801fff4   0x000001d7   Data   RO            5    .constdata          http_cgi.o
    0x080201cb   0x00000001   PAD
    0x080201cc   0x00003b04   Data   RO          148    .constdata          web.o
    0x08023cd0   0x00000b90   Data   RO          459    .constdata          data_m.o
    0x08024860   0x0000001c   Data   RO          485    .constdata          usart.o
    0x0802487c   0x00000072   Data   RO          538    .constdata          net_config.o
    0x080248ee   0x00000002   PAD
    0x080248f0   0x00000028   Data   RO          565    .constdata          rtx_config.o
    0x08024918   0x0000005a   Data   RO         1034    .constdata          TCP_CM3.lib(at_http.o)
    0x08024972   0x00000008   Data   RO         1065    .constdata          TCP_CM3.lib(at_nbns.o)
    0x0802497a   0x0000005e   Data   RO         1618    .constdata          TCP_CM3.lib(http_err.o)
    0x080249d8   0x0000005b   Data   RO         1619    .constdata          TCP_CM3.lib(http_err.o)
    0x08024a33   0x00000053   Data   RO         1620    .constdata          TCP_CM3.lib(http_err.o)
    0x08024a86   0x0000003b   Data   RO         1621    .constdata          TCP_CM3.lib(http_err.o)
    0x08024ac1   0x00000089   Data   RO         1622    .constdata          TCP_CM3.lib(http_err.o)
    0x08024b4a   0x00000040   Data   RO         2158    .constdata          mc_w.l(ctype_c.o)
    0x08024b8a   0x00000002   PAD
    0x08024b8c   0x00000020   Data   RO         2160    Region$$Table       anon$$obj.o


    Execution Region RW_IRAM1 (Base: 0x20000000, Size: 0x0000d6e8, Max: 0x00010000, ABSOLUTE, COMPRESSED[0x000000cc])

    Base Addr    Size         Type   Attr      Idx    E Section Name        Object

    0x20000000   0x0000000a   Data   RW            6    .data               http_cgi.o
    0x2000000a   0x00000002   PAD
    0x2000000c   0x0000007c   Data   RW          161    .data               main.o
    0x20000088   0x0000022a   Data   RW          267    .data               global.o
    0x200002b2   0x00000002   PAD
    0x200002b4   0x00000011   Data   RW          289    .data               stm32f10x_it.o
    0x200002c5   0x00000003   PAD
    0x200002c8   0x00000063   Data   RW          319    .data               adc_lxb.o
    0x2000032b   0x00000001   PAD
    0x2000032c   0x0000000d   Data   RW          343    .data               log.o
    0x20000339   0x00000001   PAD
    0x2000033a   0x00000006   Data   RW          438    .data               key.o
    0x20000340   0x00000005   Data   RW          515    .data               machine.o
    0x20000345   0x0000002b   Data   RW          539    .data               net_config.o
    0x20000370   0x00000008   Data   RW          566    .data               rtx_config.o
    0x20000378   0x00000003   Data   RW          594    .data               eth_stm32x.o
    0x2000037b   0x00000001   PAD
    0x2000037c   0x00000014   Data   RW          629    .data               system_stm32f10x_cl.o
    0x20000390   0x00000014   Data   RW          815    .data               stm32f10x_rcc.o
    0x200003a4   0x00000004   Data   RW          962    .data               TCP_CM3.lib(at_tcp.o)
    0x200003a8   0x00000002   Data   RW          997    .data               TCP_CM3.lib(at_udp.o)
    0x200003aa   0x00000002   PAD
    0x200003ac   0x0000000c   Data   RW         1035    .data               TCP_CM3.lib(at_http.o)
    0x200003b8   0x00000001   Data   RW         1066    .data               TCP_CM3.lib(at_nbns.o)
    0x200003b9   0x00000003   PAD
    0x200003bc   0x0000001c   Data   RW         1077    .data               TCP_CM3.lib(at_dhcp.o)
    0x200003d8   0x00000008   Data   RW         1095    .data               TCP_CM3.lib(at_ethernet.o)
    0x200003e0   0x00000004   Data   RW         1152    .data               TCP_CM3.lib(at_mem.o)
    0x200003e4   0x00000008   Data   RW         1162    .data               TCP_CM3.lib(at_system.o)
    0x200003ec   0x00000008   Data   RW         1178    .data               RTX_CM3.LIB(rt_task.o)
    0x200003f4   0x00000008   Data   RW         1277    .data               RTX_CM3.LIB(rt_system.o)
    0x200003fc   0x00000004   Data   RW         1488    .data               RTX_CM3.LIB(rt_time.o)
    0x20000400   0x00000001   Data   RW         1546    .data               RTX_CM3.LIB(hal_cm3.o)
    0x20000401   0x00000001   PAD
    0x20000402   0x00000002   Data   RW         1594    .data               TCP_CM3.lib(at_arp.o)
    0x20000404   0x00000004   Data   RW         1611    .data               TCP_CM3.lib(at_ip.o)
    0x20000408   0x00000008   Data   RW         1713    .data               RTX_CM3.LIB(rt_timer.o)
    0x20000410   0x00000008   Data   RW         1739    .data               RTX_CM3.LIB(rt_robin.o)
    0x20000418   0x00000004   Data   RW         2125    .data               mc_w.l(stdout.o)
    0x2000041c   0x0000000c   Zero   RW            4    .bss                http_cgi.o
    0x20000428   0x00003ac8   Zero   RW          160    .bss                main.o
    0x20003ef0   0x0000002c   Zero   RW          216    .bss                device_init.o
    0x20003f1c   0x000040fc   Zero   RW          266    .bss                global.o
    0x20008018   0x00000221   Zero   RW          318    .bss                adc_lxb.o
    0x20008239   0x000000d2   Zero   RW          342    .bss                log.o
    0x2000830b   0x00000001   PAD
    0x2000830c   0x00002378   Zero   RW          537    .bss                net_config.o
    0x2000a684   0x00000004   PAD
    0x2000a688   0x000006e0   Zero   RW          564    .bss                rtx_config.o
    0x2000ad68   0x00002460   Zero   RW          593    .bss                eth_stm32x.o
    0x2000d1c8   0x00000080   Zero   RW         1094    .bss                TCP_CM3.lib(at_ethernet.o)
    0x2000d248   0x0000003c   Zero   RW         1161    .bss                TCP_CM3.lib(at_system.o)
    0x2000d284   0x00000030   Zero   RW         1177    .bss                RTX_CM3.LIB(rt_task.o)
    0x2000d2b4   0x00000030   Zero   RW         1641    .bss                RTX_CM3.LIB(rt_list.o)
    0x2000d2e4   0x00000004   PAD
    0x2000d2e8   0x00000400   Zero   RW          583    STACK               startup_stm32f10x_cl.o


==============================================================================

Image component sizes


      Code (inc. data)   RO Data    RW Data    ZI Data      Debug   Object Name

      5072        452          0         99        545      12437   adc_lxb.o
      1464        186          0          0          0       2338   data_init.o
         0          0       2960          0          0      15771   data_m.o
      2668        128          0          0         44      29383   device_init.o
      1252        130          0          3       9312       3332   eth_stm32x.o
         0          0          0        554      16636      12110   global.o
      6048       1064        471         10         12     337328   http_cgi.o
      1520         14          0          0          0       4277   i2c.o
       492         24          0          6          0        949   key.o
       244         38          0         13        210       1409   log.o
      1724        166          0          5          0       1931   machine.o
     27340       2422          0        124      15048      48452   main.o
       220         20          0          0          0       1813   misc.o
       156         16        114         43       9080       5478   net_config.o
       264        158         40          8       1760       1956   rtx_config.o
       396         10          0          0          0       1698   spi.o
        28          4        336          0       1024        712   startup_stm32f10x_cl.o
      1102         26          0          0          0      10841   stm32f10x_adc.o
       196          8          0          0          0       3476   stm32f10x_bkp.o
       592          8          0          0          0       4342   stm32f10x_dma.o
       284         10          0          0          0       2243   stm32f10x_exti.o
       856         40          0          0          0       5653   stm32f10x_gpio.o
       808        154          0         17          0       2085   stm32f10x_it.o
        64          6          0          0          0       1261   stm32f10x_iwdg.o
       204         16          0          0          0       1911   stm32f10x_pwr.o
      1284         72          0         20          0      11170   stm32f10x_rcc.o
       852         20          0          0          0       6590   stm32f10x_spi.o
      3610         88          0          0          0      22140   stm32f10x_tim.o
      1032         22          0          0          0       8384   stm32f10x_usart.o
       488         58          0         20          0       1341   system_stm32f10x_cl.o
      9668        440         28          0          0      15194   usart.o
         0          0      15108          0          0        836   web.o

    ----------------------------------------------------------------------
     69932       5800      19092        932      53676     578841   Object Totals
         0          0         32          0          0          0   (incl. Generated)
         4          0          3         10          5          0   (incl. Padding)

    ----------------------------------------------------------------------

      Code (inc. data)   RO Data    RW Data    ZI Data      Debug   Library Member Name

         4          4          0          0          0        140   SVC_Table.o
       516         56          0          1          0       2477   hal_cm3.o
       272         20          0          0          0       2058   rt_event.o
       566         46          0          0         48       7260   rt_list.o
       576         16          0          0          0       2798   rt_mailbox.o
       128          0          0          0          0       1497   rt_membox.o
       288         12          0          0          0       1569   rt_mutex.o
        96         22          0          8          0        974   rt_robin.o
       180         14          0          0          0       1859   rt_semaphore.o
       450         72          0          8          0       4193   rt_system.o
      1104        188          0          8         48       7668   rt_task.o
        74         18          0          4          0       1251   rt_time.o
        64          8          0          8          0        583   rt_timer.o
      1456        148          0          2          0        872   at_arp.o
        36          8          0         28          0         76   at_dhcp.o
       420         44          0          8        128        540   at_ethernet.o
      4312        920         90         12          0       1820   at_http.o
        14          0          0          0          0        272   at_http_uif.o
       116          0          0          0          0         84   at_icmp.o
       494         24          0          4          0        328   at_ip.o
       468          0          0          0          0       1128   at_lib.o
       348         38          0          4          0        340   at_mem.o
       348         28          8          1          0        184   at_nbns.o
       128         30          0          8         60        216   at_system.o
      3464        246          0          4          0       1732   at_tcp.o
       752         60          0          2          0        540   at_udp.o
         0          0        464          0          0          0   http_err.o
        56          8          0          0          0         84   __0sscanf.o
        92          0          0          0          0          0   __dczerorl2.o
        28          0          0          0          0         68   _chval.o
       812          6          0          0          0        112   _scanf.o
       336          0          0          0          0         96   _scanf_int.o
       218          0          0          0          0         96   _scanf_str.o
        64          0          0          0          0         84   _sgetc.o
        40          6         64          0          0         68   ctype_c.o
         0          0          0          0          0          0   entry.o
         0          0          0          0          0          0   entry10a.o
         0          0          0          0          0          0   entry11a.o
         8          4          0          0          0          0   entry2.o
         4          0          0          0          0          0   entry5.o
         0          0          0          0          0          0   entry7b.o
         0          0          0          0          0          0   entry8b.o
         8          4          0          0          0          0   entry9a.o
        30          0          0          0          0          0   handlers.o
        36          8          0          0          0         68   init.o
        10          0          0          0          0         68   isspace_c.o
         0          0          0          0          0          0   iusefp.o
        30          0          0          0          0         68   llshl.o
        36          0          0          0          0         68   llsshr.o
        32          0          0          0          0         68   llushr.o
        36          0          0          0          0         68   memcpya.o
        36          0          0          0          0        108   memseta.o
      2292         96          0          0          0        596   printfa.o
        40          8          0          0          0         84   scanf_char.o
       842         12          0          0          0        216   scanf_fp.o
         0          0          0          4          0          0   stdout.o
        24          0          0          0          0         68   strcat.o
        28          0          0          0          0         76   strcmp.o
        14          0          0          0          0         68   strlen.o
        12          0          0          0          0         68   toupper.o
        44          0          0          0          0         80   uidiv.o
        98          0          0          0          0         92   uldiv.o
        40          2          0          0          0         68   cdrcmple.o
        20          0          0          0          0         68   cfcmple.o
        20          0          0          0          0         68   cfrcmple.o
        56          0          0          0          0         88   d2f.o
       334          0          0          0          0        148   dadd.o
       222          0          0          0          0        100   ddiv.o
       190          0          0          0          0        176   depilogue.o
        50          0          0          0          0         76   dfixui.o
        48          0          0          0          0         68   dfixul.o
        34          0          0          0          0         76   dflti.o
        26          0          0          0          0         76   dfltui.o
        24          0          0          0          0         76   dfltul.o
       228          0          0          0          0         96   dmul.o
        38          0          0          0          0         68   f2d.o
       176          0          0          0          0        140   fadd.o
       128          0          0          0          0         88   fdiv.o
       108          0          0          0          0        168   fepilogue.o
        40          0          0          0          0         68   ffixui.o
        10          0          0          0          0         68   ffltui.o
       108          0          0          0          0         76   fmul.o

    ----------------------------------------------------------------------
     23928       2176        628        120        288      46791   Library Totals
        48          0          2          6          4          0   (incl. Padding)

    ----------------------------------------------------------------------

      Code (inc. data)   RO Data    RW Data    ZI Data      Debug   Library Name

      4318        476          0         37         96      34327   RTX_CM3.LIB
     12356       1546        562         73        188       8132   TCP_CM3.lib
      5306        152         64          4          0       2472   mc_w.l
      1900          2          0          0          0       1860   mf_w.l

    ----------------------------------------------------------------------
     23928       2176        628        120        288      46791   Library Totals

    ----------------------------------------------------------------------

==============================================================================


      Code (inc. data)   RO Data    RW Data    ZI Data      Debug   

     93860       7976      19720       1052      53964     612362   Grand Totals
     93860       7976      19720        204      53964     612362   ELF Image Totals (compressed)
     93860       7976      19720        204          0          0   ROM Totals

==============================================================================

    Total RO  Size (Code + RO Data)               113580 ( 110.92kB)
    Total RW  Size (RW Data + ZI Data)             55016 (  53.73kB)
    Total ROM Size (Code + RO Data + RW Data)     113784 ( 111.12kB)

==============================================================================

