###############################################################################
#                                                                             #
# IAR ELF Linker V5.50.0.51878/W32 for ARM              07/Sep/2013  11:33:50 #
# Copyright (C) 2007-2010 IAR Systems AB.                                     #
#                                                                             #
#    Output file  =  D:\lxb-Ñ²¼ì»ú\Ñ²¼ì»ú9.5\IAP-Version2.0\Project\STM32F107 #
#                    _LwIP_IAP\EWARMv5\STM3210C-EVAL\Exe\STM3210C-EVAL.out    #
#    Map file     =  D:\lxb-Ñ²¼ì»ú\Ñ²¼ì»ú9.5\IAP-Version2.0\Project\STM32F107 #
#                    _LwIP_IAP\EWARMv5\STM3210C-EVAL\List\STM3210C-EVAL.map   #
#    Command line =  D:\lxb-Ñ²¼ì»ú\Ñ²¼ì»ú9.5\IAP-Version2.0\Project\STM32F107 #
#                    _LwIP_IAP\EWARMv5\STM3210C-EVAL\Obj\autoip.o             #
#                    D:\lxb-Ñ²¼ì»ú\Ñ²¼ì»ú9.5\IAP-Version2.0\Project\STM32F107 #
#                    _LwIP_IAP\EWARMv5\STM3210C-EVAL\Obj\common.o             #
#                    D:\lxb-Ñ²¼ì»ú\Ñ²¼ì»ú9.5\IAP-Version2.0\Project\STM32F107 #
#                    _LwIP_IAP\EWARMv5\STM3210C-EVAL\Obj\core_cm3.o           #
#                    D:\lxb-Ñ²¼ì»ú\Ñ²¼ì»ú9.5\IAP-Version2.0\Project\STM32F107 #
#                    _LwIP_IAP\EWARMv5\STM3210C-EVAL\Obj\dhcp.o               #
#                    D:\lxb-Ñ²¼ì»ú\Ñ²¼ì»ú9.5\IAP-Version2.0\Project\STM32F107 #
#                    _LwIP_IAP\EWARMv5\STM3210C-EVAL\Obj\download.o           #
#                    D:\lxb-Ñ²¼ì»ú\Ñ²¼ì»ú9.5\IAP-Version2.0\Project\STM32F107 #
#                    _LwIP_IAP\EWARMv5\STM3210C-EVAL\Obj\etharp.o             #
#                    D:\lxb-Ñ²¼ì»ú\Ñ²¼ì»ú9.5\IAP-Version2.0\Project\STM32F107 #
#                    _LwIP_IAP\EWARMv5\STM3210C-EVAL\Obj\ethernetif.o         #
#                    D:\lxb-Ñ²¼ì»ú\Ñ²¼ì»ú9.5\IAP-Version2.0\Project\STM32F107 #
#                    _LwIP_IAP\EWARMv5\STM3210C-EVAL\Obj\flash.o              #
#                    D:\lxb-Ñ²¼ì»ú\Ñ²¼ì»ú9.5\IAP-Version2.0\Project\STM32F107 #
#                    _LwIP_IAP\EWARMv5\STM3210C-EVAL\Obj\flash_if.o           #
#                    D:\lxb-Ñ²¼ì»ú\Ñ²¼ì»ú9.5\IAP-Version2.0\Project\STM32F107 #
#                    _LwIP_IAP\EWARMv5\STM3210C-EVAL\Obj\httpserver.o         #
#                    D:\lxb-Ñ²¼ì»ú\Ñ²¼ì»ú9.5\IAP-Version2.0\Project\STM32F107 #
#                    _LwIP_IAP\EWARMv5\STM3210C-EVAL\Obj\icmp.o               #
#                    D:\lxb-Ñ²¼ì»ú\Ñ²¼ì»ú9.5\IAP-Version2.0\Project\STM32F107 #
#                    _LwIP_IAP\EWARMv5\STM3210C-EVAL\Obj\inet.o               #
#                    D:\lxb-Ñ²¼ì»ú\Ñ²¼ì»ú9.5\IAP-Version2.0\Project\STM32F107 #
#                    _LwIP_IAP\EWARMv5\STM3210C-EVAL\Obj\inet_chksum.o        #
#                    D:\lxb-Ñ²¼ì»ú\Ñ²¼ì»ú9.5\IAP-Version2.0\Project\STM32F107 #
#                    _LwIP_IAP\EWARMv5\STM3210C-EVAL\Obj\init.o               #
#                    D:\lxb-Ñ²¼ì»ú\Ñ²¼ì»ú9.5\IAP-Version2.0\Project\STM32F107 #
#                    _LwIP_IAP\EWARMv5\STM3210C-EVAL\Obj\ip.o                 #
#                    D:\lxb-Ñ²¼ì»ú\Ñ²¼ì»ú9.5\IAP-Version2.0\Project\STM32F107 #
#                    _LwIP_IAP\EWARMv5\STM3210C-EVAL\Obj\ip_addr.o            #
#                    D:\lxb-Ñ²¼ì»ú\Ñ²¼ì»ú9.5\IAP-Version2.0\Project\STM32F107 #
#                    _LwIP_IAP\EWARMv5\STM3210C-EVAL\Obj\ip_frag.o            #
#                    D:\lxb-Ñ²¼ì»ú\Ñ²¼ì»ú9.5\IAP-Version2.0\Project\STM32F107 #
#                    _LwIP_IAP\EWARMv5\STM3210C-EVAL\Obj\main.o               #
#                    D:\lxb-Ñ²¼ì»ú\Ñ²¼ì»ú9.5\IAP-Version2.0\Project\STM32F107 #
#                    _LwIP_IAP\EWARMv5\STM3210C-EVAL\Obj\mem.o                #
#                    D:\lxb-Ñ²¼ì»ú\Ñ²¼ì»ú9.5\IAP-Version2.0\Project\STM32F107 #
#                    _LwIP_IAP\EWARMv5\STM3210C-EVAL\Obj\memp.o               #
#                    D:\lxb-Ñ²¼ì»ú\Ñ²¼ì»ú9.5\IAP-Version2.0\Project\STM32F107 #
#                    _LwIP_IAP\EWARMv5\STM3210C-EVAL\Obj\misc.o               #
#                    D:\lxb-Ñ²¼ì»ú\Ñ²¼ì»ú9.5\IAP-Version2.0\Project\STM32F107 #
#                    _LwIP_IAP\EWARMv5\STM3210C-EVAL\Obj\netconf.o            #
#                    D:\lxb-Ñ²¼ì»ú\Ñ²¼ì»ú9.5\IAP-Version2.0\Project\STM32F107 #
#                    _LwIP_IAP\EWARMv5\STM3210C-EVAL\Obj\netif.o              #
#                    D:\lxb-Ñ²¼ì»ú\Ñ²¼ì»ú9.5\IAP-Version2.0\Project\STM32F107 #
#                    _LwIP_IAP\EWARMv5\STM3210C-EVAL\Obj\pbuf.o               #
#                    D:\lxb-Ñ²¼ì»ú\Ñ²¼ì»ú9.5\IAP-Version2.0\Project\STM32F107 #
#                    _LwIP_IAP\EWARMv5\STM3210C-EVAL\Obj\raw.o                #
#                    D:\lxb-Ñ²¼ì»ú\Ñ²¼ì»ú9.5\IAP-Version2.0\Project\STM32F107 #
#                    _LwIP_IAP\EWARMv5\STM3210C-EVAL\Obj\spi.o                #
#                    D:\lxb-Ñ²¼ì»ú\Ñ²¼ì»ú9.5\IAP-Version2.0\Project\STM32F107 #
#                    _LwIP_IAP\EWARMv5\STM3210C-EVAL\Obj\startup_stm32f10x_cl #
#                    .o D:\lxb-Ñ²¼ì»ú\Ñ²¼ì»ú9.5\IAP-Version2.0\Project\STM32F #
#                    107_LwIP_IAP\EWARMv5\STM3210C-EVAL\Obj\stats.o           #
#                    D:\lxb-Ñ²¼ì»ú\Ñ²¼ì»ú9.5\IAP-Version2.0\Project\STM32F107 #
#                    _LwIP_IAP\EWARMv5\STM3210C-EVAL\Obj\stm3210c_eval_lcd.o  #
#                    D:\lxb-Ñ²¼ì»ú\Ñ²¼ì»ú9.5\IAP-Version2.0\Project\STM32F107 #
#                    _LwIP_IAP\EWARMv5\STM3210C-EVAL\Obj\stm32_eth.o          #
#                    D:\lxb-Ñ²¼ì»ú\Ñ²¼ì»ú9.5\IAP-Version2.0\Project\STM32F107 #
#                    _LwIP_IAP\EWARMv5\STM3210C-EVAL\Obj\stm32_eval.o         #
#                    D:\lxb-Ñ²¼ì»ú\Ñ²¼ì»ú9.5\IAP-Version2.0\Project\STM32F107 #
#                    _LwIP_IAP\EWARMv5\STM3210C-EVAL\Obj\stm32f107.o          #
#                    D:\lxb-Ñ²¼ì»ú\Ñ²¼ì»ú9.5\IAP-Version2.0\Project\STM32F107 #
#                    _LwIP_IAP\EWARMv5\STM3210C-EVAL\Obj\stm32f10x_bkp.o      #
#                    D:\lxb-Ñ²¼ì»ú\Ñ²¼ì»ú9.5\IAP-Version2.0\Project\STM32F107 #
#                    _LwIP_IAP\EWARMv5\STM3210C-EVAL\Obj\stm32f10x_exti.o     #
#                    D:\lxb-Ñ²¼ì»ú\Ñ²¼ì»ú9.5\IAP-Version2.0\Project\STM32F107 #
#                    _LwIP_IAP\EWARMv5\STM3210C-EVAL\Obj\stm32f10x_flash.o    #
#                    D:\lxb-Ñ²¼ì»ú\Ñ²¼ì»ú9.5\IAP-Version2.0\Project\STM32F107 #
#                    _LwIP_IAP\EWARMv5\STM3210C-EVAL\Obj\stm32f10x_gpio.o     #
#                    D:\lxb-Ñ²¼ì»ú\Ñ²¼ì»ú9.5\IAP-Version2.0\Project\STM32F107 #
#                    _LwIP_IAP\EWARMv5\STM3210C-EVAL\Obj\stm32f10x_it.o       #
#                    D:\lxb-Ñ²¼ì»ú\Ñ²¼ì»ú9.5\IAP-Version2.0\Project\STM32F107 #
#                    _LwIP_IAP\EWARMv5\STM3210C-EVAL\Obj\stm32f10x_pwr.o      #
#                    D:\lxb-Ñ²¼ì»ú\Ñ²¼ì»ú9.5\IAP-Version2.0\Project\STM32F107 #
#                    _LwIP_IAP\EWARMv5\STM3210C-EVAL\Obj\stm32f10x_rcc.o      #
#                    D:\lxb-Ñ²¼ì»ú\Ñ²¼ì»ú9.5\IAP-Version2.0\Project\STM32F107 #
#                    _LwIP_IAP\EWARMv5\STM3210C-EVAL\Obj\stm32f10x_spi.o      #
#                    D:\lxb-Ñ²¼ì»ú\Ñ²¼ì»ú9.5\IAP-Version2.0\Project\STM32F107 #
#                    _LwIP_IAP\EWARMv5\STM3210C-EVAL\Obj\stm32f10x_tim.o      #
#                    D:\lxb-Ñ²¼ì»ú\Ñ²¼ì»ú9.5\IAP-Version2.0\Project\STM32F107 #
#                    _LwIP_IAP\EWARMv5\STM3210C-EVAL\Obj\stm32f10x_usart.o    #
#                    D:\lxb-Ñ²¼ì»ú\Ñ²¼ì»ú9.5\IAP-Version2.0\Project\STM32F107 #
#                    _LwIP_IAP\EWARMv5\STM3210C-EVAL\Obj\stm32f10x_wwdg.o     #
#                    D:\lxb-Ñ²¼ì»ú\Ñ²¼ì»ú9.5\IAP-Version2.0\Project\STM32F107 #
#                    _LwIP_IAP\EWARMv5\STM3210C-EVAL\Obj\sys.o                #
#                    D:\lxb-Ñ²¼ì»ú\Ñ²¼ì»ú9.5\IAP-Version2.0\Project\STM32F107 #
#                    _LwIP_IAP\EWARMv5\STM3210C-EVAL\Obj\system_stm32f10x.o   #
#                    D:\lxb-Ñ²¼ì»ú\Ñ²¼ì»ú9.5\IAP-Version2.0\Project\STM32F107 #
#                    _LwIP_IAP\EWARMv5\STM3210C-EVAL\Obj\tcp.o                #
#                    D:\lxb-Ñ²¼ì»ú\Ñ²¼ì»ú9.5\IAP-Version2.0\Project\STM32F107 #
#                    _LwIP_IAP\EWARMv5\STM3210C-EVAL\Obj\tcp_in.o             #
#                    D:\lxb-Ñ²¼ì»ú\Ñ²¼ì»ú9.5\IAP-Version2.0\Project\STM32F107 #
#                    _LwIP_IAP\EWARMv5\STM3210C-EVAL\Obj\tcp_out.o            #
#                    D:\lxb-Ñ²¼ì»ú\Ñ²¼ì»ú9.5\IAP-Version2.0\Project\STM32F107 #
#                    _LwIP_IAP\EWARMv5\STM3210C-EVAL\Obj\tftpserver.o         #
#                    D:\lxb-Ñ²¼ì»ú\Ñ²¼ì»ú9.5\IAP-Version2.0\Project\STM32F107 #
#                    _LwIP_IAP\EWARMv5\STM3210C-EVAL\Obj\udp.o                #
#                    D:\lxb-Ñ²¼ì»ú\Ñ²¼ì»ú9.5\IAP-Version2.0\Project\STM32F107 #
#                    _LwIP_IAP\EWARMv5\STM3210C-EVAL\Obj\ymodem.o --redirect  #
#                    _Printf=_PrintfTiny --redirect _Scanf=_ScanfSmall -o     #
#                    D:\lxb-Ñ²¼ì»ú\Ñ²¼ì»ú9.5\IAP-Version2.0\Project\STM32F107 #
#                    _LwIP_IAP\EWARMv5\STM3210C-EVAL\Exe\STM3210C-EVAL.out    #
#                    --map D:\lxb-Ñ²¼ì»ú\Ñ²¼ì»ú9.5\IAP-Version2.0\Project\STM #
#                    32F107_LwIP_IAP\EWARMv5\STM3210C-EVAL\List\STM3210C-EVAL #
#                    .map --config D:\lxb-Ñ²¼ì»ú\Ñ²¼ì»ú9.5\IAP-Version2.0\Pro #
#                    ject\STM32F107_LwIP_IAP\EWARMv5\STM32F10x_FLASH.icf      #
#                    --semihosting --entry __iar_program_start                #
#                                                                             #
#                                                                             #
###############################################################################

*******************************************************************************
*** PLACEMENT SUMMARY
***

"A1":  place at 0x08000000 { ro section .intvec };
"P1":  place in [from 0x08000000 to 0x0803ffff] { ro };
"P2":  place in [from 0x20000000 to 0x2000ffff] {
          rw, block CSTACK, block HEAP };

  Section            Kind        Address    Size  Object
  -------            ----        -------    ----  ------
"A1":                                      0x150
  .intvec            ro code  0x08000000   0x150  startup_stm32f10x_cl.o [1]
                            - 0x08000150   0x150

"P1":                                     0x8c74
  .text              ro code  0x08000150  0x1454  tcp_in.o [1]
  .text              ro code  0x080015a4   0x840  httpserver.o [1]
  .text              ro code  0x08001de4   0x7fe  stm32_eth.o [1]
  .text              ro code  0x080025e4   0x7f8  tcp_out.o [1]
  .text              ro code  0x08002ddc   0x7b6  tcp.o [1]
  .text              ro code  0x08003594   0x636  etharp.o [1]
  .text              ro code  0x08003bcc   0x494  ip_frag.o [1]
  .text              ro code  0x08004060   0x424  common.o [1]
  .text              ro code  0x08004484   0x408  stm32f10x_flash.o [1]
  .text              ro code  0x0800488c   0x3cc  stm32f107.o [1]
  .text              ro code  0x08004c58   0x370  ymodem.o [1]
  .text              ro code  0x08004fc8   0x330  pbuf.o [1]
  .text              ro code  0x080052f8   0x322  stm32f10x_tim.o [1]
  .text              ro code  0x0800561c   0x2ec  tftpserver.o [1]
  .text              ro code  0x08005908   0x2ea  udp.o [1]
  .text              ro code  0x08005bf4   0x2b0  stm32f10x_rcc.o [1]
  .rodata            const    0x08005ea4   0x298  httpserver.o [1]
  .text              ro code  0x0800613c   0x294  ip.o [1]
  .rodata            const    0x080063d0   0x27c  httpserver.o [1]
  .text              ro code  0x0800664c   0x260  flash.o [1]
  .rodata            const    0x080068ac   0x23c  httpserver.o [1]
  .text              ro code  0x08006ae8   0x220  stm32f10x_gpio.o [1]
  .text              ro code  0x08006d08   0x1f8  ethernetif.o [1]
  .text              ro code  0x08006f00   0x1d4  mem.o [1]
  .rodata            const    0x080070d4   0x19c  httpserver.o [1]
  .text              ro code  0x08007270   0x19c  main.o [1]
  .text              ro code  0x0800740c   0x194  system_stm32f10x.o [1]
  .text              ro code  0x080075a0   0x18a  icmp.o [1]
  .text              ro code  0x0800772c   0x188  netconf.o [1]
  .text              ro code  0x080078b4   0x12c  stm32f10x_usart.o [1]
  .text              ro code  0x080079e0   0x126  xprintftiny.o [3]
  .text              ro code  0x08007b08   0x108  netif.o [1]
  .text              ro code  0x08007c10    0xfa  stm32f10x_spi.o [1]
  .text              ro code  0x08007d0c    0xec  stm32f10x_it.o [1]
  .text              ro code  0x08007df8    0xd8  download.o [1]
  .text              ro code  0x08007ed0    0xd0  stm32_eval.o [1]
  .text              ro code  0x08007fa0    0x9a  inet_chksum.o [1]
  .text              ro code  0x0800803c    0x90  spi.o [1]
  .text              ro code  0x080080cc    0x8c  misc.o [1]
  .text              ro code  0x08008158    0x78  memp.o [1]
  .text              ro code  0x080081d0    0x74  flash_if.o [1]
  .text              ro code  0x08008244    0x70  ABImemcpy.o [4]
  .text              ro code  0x080082b4    0x60  raw.o [1]
  .rodata            const    0x08008314    0x54  download.o [1]
  .rodata            const    0x08008368    0x4c  common.o [1]
  .text              ro code  0x080083b4    0x42  strcmp.o [4]
  .rodata            const    0x080083f8    0x40  common.o [1]
  .rodata            const    0x08008438    0x40  common.o [1]
  .rodata            const    0x08008478    0x40  common.o [1]
  .rodata            const    0x080084b8    0x40  common.o [1]
  .rodata            const    0x080084f8    0x40  common.o [1]
  .rodata            const    0x08008538    0x40  download.o [1]
  .rodata            const    0x08008578    0x3c  common.o [1]
  .rodata            const    0x080085b4    0x3c  common.o [1]
  .rodata            const    0x080085f0    0x3c  download.o [1]
  .text              ro code  0x0800862c    0x3c  stm32f10x_bkp.o [1]
  .text              ro code  0x08008668    0x3a  ip_addr.o [1]
  .text              ro code  0x080086a4    0x38  ABImemset48.o [4]
  .text              ro code  0x080086dc    0x36  strlen.o [4]
  .text              ro code  0x08008714    0x30  sprintf.o [3]
  .text              ro code  0x08008744    0x30  copy_init3.o [4]
  .rodata            const    0x08008774    0x2c  common.o [1]
  .text              ro code  0x080087a0    0x2c  data_init3.o [4]
  .text              ro code  0x080087cc    0x2a  strncmp.o [3]
  .rodata            const    0x080087f8    0x28  memp.o [1]
  .text              ro code  0x08008820    0x28  iarttio.o [5]
  .text              ro code  0x08008848    0x26  inet.o [1]
  .rodata            const    0x08008870    0x24  common.o [1]
  .rodata            const    0x08008894    0x24  download.o [1]
  .text              ro code  0x080088b8    0x24  zero_init3.o [4]
  .iar.init_table    const    0x080088dc    0x24  - Linker created -
  .rodata            const    0x08008900    0x20  common.o [1]
  .rodata            const    0x08008920    0x20  download.o [1]
  .rodata            const    0x08008940    0x20  main.o [1]
  .rodata            const    0x08008960    0x1c  download.o [1]
  .rodata            const    0x0800897c    0x1c  httpserver.o [1]
  .rodata            const    0x08008998    0x1c  main.o [1]
  .rodata            const    0x080089b4    0x1c  main.o [1]
  .rodata            const    0x080089d0    0x18  download.o [1]
  .rodata            const    0x080089e8    0x18  download.o [1]
  .rodata            const    0x08008a00    0x18  httpserver.o [1]
  .rodata            const    0x08008a18    0x18  main.o [1]
  .rodata            const    0x08008a30    0x18  tcp.o [1]
  .text              ro code  0x08008a48    0x16  cmain.o [4]
  .text              ro code  0x08008a5e    0x16  tftpserver.o [1]
  .rodata            const    0x08008a74    0x14  httpserver.o [1]
  .rodata            const    0x08008a88    0x14  httpserver.o [1]
  .rodata            const    0x08008a9c    0x14  httpserver.o [1]
  .rodata            const    0x08008ab0    0x14  httpserver.o [1]
  .text              ro code  0x08008ac4    0x14  exit.o [5]
  .rodata            const    0x08008ad8    0x10  etharp.o [1]
  .rodata            const    0x08008ae8    0x10  httpserver.o [1]
  .rodata            const    0x08008af8    0x10  httpserver.o [1]
  .rodata            const    0x08008b08    0x10  httpserver.o [1]
  .rodata            const    0x08008b18    0x10  httpserver.o [1]
  .rodata            const    0x08008b28    0x10  httpserver.o [1]
  .rodata            const    0x08008b38    0x10  httpserver.o [1]
  .rodata            const    0x08008b48    0x10  main.o [1]
  .text              ro code  0x08008b58    0x10  startup_stm32f10x_cl.o [1]
  .text              ro code  0x08008b68    0x10  stm32f10x_wwdg.o [1]
  .rodata            const    0x08008b78     0xc  download.o [1]
  .rodata            const    0x08008b84     0xc  download.o [1]
  .rodata            const    0x08008b90     0xc  download.o [1]
  .rodata            const    0x08008b9c     0xc  httpserver.o [1]
  .rodata            const    0x08008ba8     0xc  httpserver.o [1]
  .rodata            const    0x08008bb4     0xc  httpserver.o [1]
  .rodata            const    0x08008bc0     0xc  httpserver.o [1]
  .text              ro code  0x08008bcc     0xc  stm32f10x_pwr.o [1]
  .text              ro code  0x08008bd8     0xc  cstartup_M.o [4]
  .text              ro code  0x08008be4     0xa  cexit.o [4]
  .text              ro code  0x08008bee     0xa  xsprout.o [3]
  .rodata            const    0x08008bf8     0x8  httpserver.o [1]
  .rodata            const    0x08008c00     0x8  httpserver.o [1]
  .rodata            const    0x08008c08     0x8  httpserver.o [1]
  .rodata            const    0x08008c10     0x8  httpserver.o [1]
  .rodata            const    0x08008c18     0x8  netconf.o [1]
  .text              ro code  0x08008c20     0x8  core_cm3.o [1]
  .text              ro code  0x08008c28     0x8  XShttio.o [3]
  .text              ro code  0x08008c30     0x6  ABImemclr4.o [4]
  .text              ro code  0x08008c36     0x6  exit.o [3]
  .rodata            const    0x08008c3c     0x4  httpserver.o [1]
  .rodata            const    0x08008c40     0x4  httpserver.o [1]
  .rodata            const    0x08008c44     0x4  ip_addr.o [1]
  .rodata            const    0x08008c48     0x4  stm32_eval.o [1]
  .rodata            const    0x08008c4c     0x4  stm32_eval.o [1]
  .rodata            const    0x08008c50     0x4  stm32_eval.o [1]
  .text              ro code  0x08008c54     0x4  startup_stm32f10x_cl.o [1]
  .text              ro code  0x08008c58     0x4  startup_stm32f10x_cl.o [1]
  .text              ro code  0x08008c5c     0x4  startup_stm32f10x_cl.o [1]
  .text              ro code  0x08008c60     0x4  startup_stm32f10x_cl.o [1]
  .text              ro code  0x08008c64     0x4  startup_stm32f10x_cl.o [1]
  .text              ro code  0x08008c68     0x4  startup_stm32f10x_cl.o [1]
  .text              ro code  0x08008c6c     0x4  startup_stm32f10x_cl.o [1]
  .text              ro code  0x08008c70     0x4  startup_stm32f10x_cl.o [1]
  .text              ro code  0x08008c74     0x4  startup_stm32f10x_cl.o [1]
  .text              ro code  0x08008c78     0x4  startup_stm32f10x_cl.o [1]
  .text              ro code  0x08008c7c     0x4  startup_stm32f10x_cl.o [1]
  .text              ro code  0x08008c80     0x4  startup_stm32f10x_cl.o [1]
  .text              ro code  0x08008c84     0x4  startup_stm32f10x_cl.o [1]
  .text              ro code  0x08008c88     0x4  startup_stm32f10x_cl.o [1]
  .text              ro code  0x08008c8c     0x4  startup_stm32f10x_cl.o [1]
  .text              ro code  0x08008c90     0x4  startup_stm32f10x_cl.o [1]
  .text              ro code  0x08008c94     0x4  startup_stm32f10x_cl.o [1]
  .text              ro code  0x08008c98     0x4  startup_stm32f10x_cl.o [1]
  .text              ro code  0x08008c9c     0x4  startup_stm32f10x_cl.o [1]
  .text              ro code  0x08008ca0     0x4  startup_stm32f10x_cl.o [1]
  .text              ro code  0x08008ca4     0x4  startup_stm32f10x_cl.o [1]
  .text              ro code  0x08008ca8     0x4  startup_stm32f10x_cl.o [1]
  .text              ro code  0x08008cac     0x4  startup_stm32f10x_cl.o [1]
  .text              ro code  0x08008cb0     0x4  startup_stm32f10x_cl.o [1]
  .text              ro code  0x08008cb4     0x4  startup_stm32f10x_cl.o [1]
  .text              ro code  0x08008cb8     0x4  startup_stm32f10x_cl.o [1]
  .text              ro code  0x08008cbc     0x4  startup_stm32f10x_cl.o [1]
  .text              ro code  0x08008cc0     0x4  startup_stm32f10x_cl.o [1]
  .text              ro code  0x08008cc4     0x4  startup_stm32f10x_cl.o [1]
  .text              ro code  0x08008cc8     0x4  startup_stm32f10x_cl.o [1]
  .text              ro code  0x08008ccc     0x4  startup_stm32f10x_cl.o [1]
  .text              ro code  0x08008cd0     0x4  startup_stm32f10x_cl.o [1]
  .text              ro code  0x08008cd4     0x4  startup_stm32f10x_cl.o [1]
  .text              ro code  0x08008cd8     0x4  startup_stm32f10x_cl.o [1]
  .text              ro code  0x08008cdc     0x4  startup_stm32f10x_cl.o [1]
  .text              ro code  0x08008ce0     0x4  startup_stm32f10x_cl.o [1]
  .text              ro code  0x08008ce4     0x4  startup_stm32f10x_cl.o [1]
  .text              ro code  0x08008ce8     0x4  startup_stm32f10x_cl.o [1]
  .text              ro code  0x08008cec     0x4  startup_stm32f10x_cl.o [1]
  .text              ro code  0x08008cf0     0x4  startup_stm32f10x_cl.o [1]
  .text              ro code  0x08008cf4     0x4  startup_stm32f10x_cl.o [1]
  .text              ro code  0x08008cf8     0x4  startup_stm32f10x_cl.o [1]
  .text              ro code  0x08008cfc     0x4  startup_stm32f10x_cl.o [1]
  .text              ro code  0x08008d00     0x4  startup_stm32f10x_cl.o [1]
  .text              ro code  0x08008d04     0x4  startup_stm32f10x_cl.o [1]
  .text              ro code  0x08008d08     0x4  startup_stm32f10x_cl.o [1]
  .text              ro code  0x08008d0c     0x4  startup_stm32f10x_cl.o [1]
  .text              ro code  0x08008d10     0x4  startup_stm32f10x_cl.o [1]
  .text              ro code  0x08008d14     0x4  startup_stm32f10x_cl.o [1]
  .text              ro code  0x08008d18     0x4  startup_stm32f10x_cl.o [1]
  .text              ro code  0x08008d1c     0x4  startup_stm32f10x_cl.o [1]
  .text              ro code  0x08008d20     0x4  startup_stm32f10x_cl.o [1]
  .text              ro code  0x08008d24     0x4  startup_stm32f10x_cl.o [1]
  .text              ro code  0x08008d28     0x4  startup_stm32f10x_cl.o [1]
  .text              ro code  0x08008d2c     0x4  startup_stm32f10x_cl.o [1]
  .text              ro code  0x08008d30     0x4  startup_stm32f10x_cl.o [1]
  .text              ro code  0x08008d34     0x4  startup_stm32f10x_cl.o [1]
  .text              ro code  0x08008d38     0x4  startup_stm32f10x_cl.o [1]
  .text              ro code  0x08008d3c     0x4  startup_stm32f10x_cl.o [1]
  .text              ro code  0x08008d40     0x4  startup_stm32f10x_cl.o [1]
  .text              ro code  0x08008d44     0x4  startup_stm32f10x_cl.o [1]
  .text              ro code  0x08008d48     0x4  startup_stm32f10x_cl.o [1]
  .text              ro code  0x08008d4c     0x4  startup_stm32f10x_cl.o [1]
  .text              ro code  0x08008d50     0x4  startup_stm32f10x_cl.o [1]
  .text              ro code  0x08008d54     0x4  startup_stm32f10x_cl.o [1]
  .text              ro code  0x08008d58     0x4  startup_stm32f10x_cl.o [1]
  .text              ro code  0x08008d5c     0x4  startup_stm32f10x_cl.o [1]
  .text              ro code  0x08008d60     0x4  startup_stm32f10x_cl.o [1]
  .text              ro code  0x08008d64     0x4  startup_stm32f10x_cl.o [1]
  .text              ro code  0x08008d68     0x4  startup_stm32f10x_cl.o [1]
  .text              ro code  0x08008d6c     0x4  low_level_init.o [3]
  .rodata            const    0x08008d70     0x2  stm32_eval.o [1]
  .rodata            const    0x08008d72     0x2  stm32_eval.o [1]
  Initializer bytes  ro data  0x08008d74    0x50  <for P2 s0> (used: 0x4f)
                            - 0x08008dc4  0x8c74

"P2", part 1 of 3:                        0x1000
  CSTACK                      0x20000000  0x1000  <Block>
    CSTACK           uninit   0x20000000  0x1000  <Block tail>
                            - 0x20001000  0x1000

"P2", part 2 of 3:                          0x50
  P2 s0                       0x20001000    0x50  <Init block>
    .data            inited   0x20001000    0x20  tcp.o [1]
    .data            inited   0x20001020    0x10  stm32f10x_rcc.o [1]
    .data            inited   0x20001030     0x8  XShttio.o [3]
    .data            inited   0x20001038     0x4  stm32_eval.o [1]
    .data            inited   0x2000103c     0x4  stm32_eval.o [1]
    .data            inited   0x20001040     0x4  stm32_eval.o [1]
    .data            inited   0x20001044     0x4  stm32f10x_rcc.o [1]
    .data            inited   0x20001048     0x4  ymodem.o [1]
    .data            inited   0x2000104c     0x2  ymodem.o [1]
    .data            inited   0x2000104e     0x1  ymodem.o [1]
                            - 0x20001050    0x50

"P2", part 3 of 3:                        0x8180
  .bss               zero     0x20001050  0x3c08  ethernetif.o [1]
  .bss               zero     0x20004c58  0x2890  memp.o [1]
  .bss               zero     0x200074e8  0x1020  mem.o [1]
  .bss               zero     0x20008508   0x5e0  ip_frag.o [1]
  .bss               zero     0x20008ae8   0x400  download.o [1]
  .bss               zero     0x20008ee8   0x100  ymodem.o [1]
  .bss               zero     0x20008fe8    0xc8  etharp.o [1]
  .bss               zero     0x200090b0    0x30  flash.o [1]
  .bss               zero     0x200090e0    0x30  netconf.o [1]
  .bss               zero     0x20009110    0x14  tcp_in.o [1]
  .bss               zero     0x20009124     0xc  netif.o [1]
  .bss               zero     0x20009130     0x8  ip.o [1]
  .bss               zero     0x20009138     0x8  ip_frag.o [1]
  .bss               zero     0x20009140     0x4  common.o [1]
  .bss               zero     0x20009144     0x4  common.o [1]
  .bss               zero     0x20009148     0x4  httpserver.o [1]
  .bss               zero     0x2000914c     0x4  httpserver.o [1]
  .bss               zero     0x20009150     0x4  httpserver.o [1]
  .bss               zero     0x20009154     0x4  httpserver.o [1]
  .bss               zero     0x20009158     0x4  httpserver.o [1]
  .bss               zero     0x2000915c     0x4  httpserver.o [1]
  .bss               zero     0x20009160     0x4  httpserver.o [1]
  .bss               zero     0x20009164     0x4  httpserver.o [1]
  .bss               zero     0x20009168     0x4  main.o [1]
  .bss               zero     0x2000916c     0x4  main.o [1]
  .bss               zero     0x20009170     0x4  main.o [1]
  .bss               zero     0x20009174     0x4  main.o [1]
  .bss               zero     0x20009178     0x4  netconf.o [1]
  .bss               zero     0x2000917c     0x4  netconf.o [1]
  .bss               zero     0x20009180     0x4  raw.o [1]
  .bss               zero     0x20009184     0x4  stm32_eth.o [1]
  .bss               zero     0x20009188     0x4  stm32_eth.o [1]
  .bss               zero     0x2000918c     0x4  tcp_in.o [1]
  .bss               zero     0x20009190     0x4  tcp_in.o [1]
  .bss               zero     0x20009194     0x4  tcp_in.o [1]
  .bss               zero     0x20009198     0x4  tcp_in.o [1]
  .bss               zero     0x2000919c     0x4  tcp_in.o [1]
  .bss               zero     0x200091a0     0x4  tcp_in.o [1]
  .bss               zero     0x200091a4     0x4  tftpserver.o [1]
  .bss               zero     0x200091a8     0x4  tftpserver.o [1]
  .bss               zero     0x200091ac     0x4  tftpserver.o [1]
  .bss               zero     0x200091b0     0x4  udp.o [1]
  .bss               zero     0x200091b4     0x4  ymodem.o [1]
  .bss               zero     0x200091b8     0x4  ymodem.o [1]
  .bss               zero     0x200091bc     0x4  ymodem.o [1]
  .bss               zero     0x200091c0     0x2  ip.o [1]
  .bss               zero     0x200091c2     0x2  tcp_in.o [1]
  .bss               zero     0x200091c4     0x1  common.o [1]
  .bss               zero     0x200091c5     0x1  etharp.o [1]
  .bss               zero     0x200091c6     0x1  httpserver.o [1]
  .bss               zero     0x200091c7     0x1  httpserver.o [1]
  .bss               zero     0x200091c8     0x1  httpserver.o [1]
  .bss               zero     0x200091c9     0x1  main.o [1]
  .bss               zero     0x200091ca     0x1  main.o [1]
  .bss               zero     0x200091cb     0x1  tcp.o [1]
  .bss               zero     0x200091cc     0x1  tcp_in.o [1]
  .bss               zero     0x200091cd     0x1  tcp_in.o [1]
                            - 0x200091ce  0x817e


*******************************************************************************
*** INIT TABLE
***

          Address     Size
          -------     ----
Zero (__iar_zero_init3)
    1 destination range, total size 0x817e:
          0x20001050  0x817e

Copy (__iar_copy_init3)
    1 source range, total size 0x50 (101% of destination):
          0x08008d74    0x50
    1 destination range, total size 0x4f:
          0x20001000    0x4f


*******************************************************************************
*** MODULE SUMMARY
***

    Module                  ro code  ro data  rw data
    ------                  -------  -------  -------
D:\lxb-Ñ²¼ì»ú\Ñ²¼ì»ú9.5\IAP-Version2.0\Project\STM32F107_LwIP_IAP\EWARMv5\STM3210C-EVAL\Obj: [1]
    common.o                  1 060      628        9
    core_cm3.o                    8
    download.o                  216      388    1 024
    etharp.o                  1 590       16      201
    ethernetif.o                504            15 368
    flash.o                     608                48
    flash_if.o                  116
    httpserver.o              2 112    2 600       35
    icmp.o                      394
    inet.o                       38
    inet_chksum.o               154
    ip.o                        660                10
    ip_addr.o                    58        4
    ip_frag.o                 1 172             1 512
    main.o                      412      128       18
    mem.o                       468             4 128
    memp.o                      120       40   10 384
    misc.o                      140
    netconf.o                   392        8       56
    netif.o                     264                12
    pbuf.o                      816
    raw.o                        96                 4
    spi.o                       144
    startup_stm32f10x_cl.o      632
    stm32_eth.o               2 046                 8
    stm32_eval.o                208       28       12
    stm32f107.o                 972
    stm32f10x_bkp.o              60
    stm32f10x_flash.o         1 032
    stm32f10x_gpio.o            544
    stm32f10x_it.o              236
    stm32f10x_pwr.o              12
    stm32f10x_rcc.o             688       20       20
    stm32f10x_spi.o             250
    stm32f10x_tim.o             802
    stm32f10x_usart.o           300
    stm32f10x_wwdg.o             16
    system_stm32f10x.o          404
    tcp.o                     1 974       56       33
    tcp_in.o                  5 204                48
    tcp_out.o                 2 040
    tftpserver.o                770                12
    udp.o                       746                 4
    ymodem.o                    880        7      275
    -------------------------------------------------
    Total:                   31 358    3 923   33 221

command line: [2]
    -------------------------------------------------
    Total:

dl7M_tl_in.a: [3]
    XShttio.o                     8        8        8
    exit.o                        6
    low_level_init.o              4
    sprintf.o                    48
    strncmp.o                    42
    xprintftiny.o               294
    xsprout.o                    10
    -------------------------------------------------
    Total:                      412        8        8

rt7M_tl.a: [4]
    ABImemclr4.o                  6
    ABImemcpy.o                 112
    ABImemset48.o                56
    cexit.o                      10
    cmain.o                      22
    copy_init3.o                 48
    cstartup_M.o                 12
    data_init3.o                 44
    strcmp.o                     66
    strlen.o                     54
    zero_init3.o                 36
    -------------------------------------------------
    Total:                      466

shb_l.a: [5]
    exit.o                       20
    iarttio.o                    40
    -------------------------------------------------
    Total:                       60

    Gaps                         22        6        1
    Linker created                        37    4 096
-----------------------------------------------------
    Grand Total:             32 318    3 974   37 326


*******************************************************************************
*** ENTRY LIST
***

Entry                      Address    Size  Type      Object
-----                      -------    ----  ----      ------
ADC1_2_IRQHandler       0x08008cc1          Code  Wk  startup_stm32f10x_cl.o [1]
ADCPrescTable           0x20001044     0x4  Data  Lc  stm32f10x_rcc.o [1]
APBAHBPrescTable        0x20001020    0x10  Data  Lc  stm32f10x_rcc.o [1]
ARPTimer                0x2000917c     0x4  Data  Gb  netconf.o [1]
BKP_ReadBackupRegister  0x08008649    0x1c  Code  Gb  stm32f10x_bkp.o [1]
BKP_WriteBackupRegister
                        0x0800862d    0x1c  Code  Gb  stm32f10x_bkp.o [1]
BlockNbr                0x20009140     0x4  Data  Gb  common.o [1]
BrowserFlag             0x20009160     0x4  Data  Lc  httpserver.o [1]
BusFault_Handler        0x08007d13     0x2  Code  Gb  stm32f10x_it.o [1]
CAN1_RX0_IRQHandler     0x08008cc9          Code  Wk  startup_stm32f10x_cl.o [1]
CAN1_RX1_IRQHandler     0x08008ccd          Code  Wk  startup_stm32f10x_cl.o [1]
CAN1_SCE_IRQHandler     0x08008cd1          Code  Wk  startup_stm32f10x_cl.o [1]
CAN1_TX_IRQHandler      0x08008cc5          Code  Wk  startup_stm32f10x_cl.o [1]
CAN2_RX0_IRQHandler     0x08008d5d          Code  Wk  startup_stm32f10x_cl.o [1]
CAN2_RX1_IRQHandler     0x08008d61          Code  Wk  startup_stm32f10x_cl.o [1]
CAN2_SCE_IRQHandler     0x08008d65          Code  Wk  startup_stm32f10x_cl.o [1]
CAN2_TX_IRQHandler      0x08008d59          Code  Wk  startup_stm32f10x_cl.o [1]
COM_RX_PIN              0x08008d72     0x2  Data  Gb  stm32_eval.o [1]
COM_RX_PORT             0x20001040     0x4  Data  Gb  stm32_eval.o [1]
COM_RX_PORT_CLK         0x08008c50     0x4  Data  Gb  stm32_eval.o [1]
COM_TX_PIN              0x08008d70     0x2  Data  Gb  stm32_eval.o [1]
COM_TX_PORT             0x2000103c     0x4  Data  Gb  stm32_eval.o [1]
COM_TX_PORT_CLK         0x08008c4c     0x4  Data  Gb  stm32_eval.o [1]
COM_USART               0x20001038     0x4  Data  Gb  stm32_eval.o [1]
COM_USART_CLK           0x08008c48     0x4  Data  Gb  stm32_eval.o [1]
COUNT                   0x20009174     0x4  Data  Gb  main.o [1]
CSTACK$$Base            0x20000000           --   Gb  - Linker created -
CSTACK$$Limit           0x20001000           --   Gb  - Linker created -
ContentLengthOffset     0x2000915c     0x4  Data  Lc  httpserver.o [1]
Content_Length          0x08008ab0    0x14  Data  Lc  httpserver.o [1]
DMA1_Channel1_IRQHandler
                        0x08008ca5          Code  Wk  startup_stm32f10x_cl.o [1]
DMA1_Channel2_IRQHandler
                        0x08008ca9          Code  Wk  startup_stm32f10x_cl.o [1]
DMA1_Channel3_IRQHandler
                        0x08008cad          Code  Wk  startup_stm32f10x_cl.o [1]
DMA1_Channel4_IRQHandler
                        0x08008cb1          Code  Wk  startup_stm32f10x_cl.o [1]
DMA1_Channel5_IRQHandler
                        0x08008cb5          Code  Wk  startup_stm32f10x_cl.o [1]
DMA1_Channel6_IRQHandler
                        0x08008cb9          Code  Wk  startup_stm32f10x_cl.o [1]
DMA1_Channel7_IRQHandler
                        0x08008cbd          Code  Wk  startup_stm32f10x_cl.o [1]
DMA2_Channel1_IRQHandler
                        0x08008d3d          Code  Wk  startup_stm32f10x_cl.o [1]
DMA2_Channel2_IRQHandler
                        0x08008d41          Code  Wk  startup_stm32f10x_cl.o [1]
DMA2_Channel3_IRQHandler
                        0x08008d45          Code  Wk  startup_stm32f10x_cl.o [1]
DMA2_Channel4_IRQHandler
                        0x08008d49          Code  Wk  startup_stm32f10x_cl.o [1]
DMA2_Channel5_IRQHandler
                        0x08008d4d          Code  Wk  startup_stm32f10x_cl.o [1]
DMARxDescToGet          0x20009188     0x4  Data  Gb  stm32_eth.o [1]
DMARxDscrTab            0x20001058    0x60  Data  Gb  ethernetif.o [1]
DMATxDescToSet          0x20009184     0x4  Data  Gb  stm32_eth.o [1]
DMATxDscrTab            0x200010b8    0x40  Data  Gb  ethernetif.o [1]
DataFlag                0x20009148     0x4  Data  Lc  httpserver.o [1]
DebugMon_Handler        0x08007d19     0x2  Code  Gb  stm32f10x_it.o [1]
ETH_DMAReceptionCmd     0x08002555    0x20  Code  Gb  stm32_eth.o [1]
ETH_DMARxDescChainInit  0x08002483    0x50  Code  Gb  stm32_eth.o [1]
ETH_DMATransmissionCmd  0x0800252b    0x20  Code  Gb  stm32_eth.o [1]
ETH_DMATxDescChainInit  0x08002431    0x4a  Code  Gb  stm32_eth.o [1]
ETH_DMATxDescChecksumInsertionConfig
                        0x0800247b     0x8  Code  Gb  stm32_eth.o [1]
ETH_DeInit              0x08001de5    0x18  Code  Gb  stm32_eth.o [1]
ETH_Delay               0x080025c5    0x1e  Code  Lc  stm32_eth.o [1]
ETH_FlushTransmitFIFO   0x0800251d     0xe  Code  Gb  stm32_eth.o [1]
ETH_GetDMARxDescFrameLength
                        0x080024d3     0x8  Code  Gb  stm32_eth.o [1]
ETH_GetRxPktSize        0x080022a1    0x2c  Code  Gb  stm32_eth.o [1]
ETH_GetSoftwareResetStatus
                        0x080024ed    0x1c  Code  Gb  stm32_eth.o [1]
ETH_IRQHandler          0x08008d51          Code  Wk  startup_stm32f10x_cl.o [1]
ETH_Init                0x08001dfd   0x39a  Code  Gb  stm32_eth.o [1]
ETH_MACAddressConfig    0x080023ff    0x32  Code  Gb  stm32_eth.o [1]
ETH_MACReceptionCmd     0x080023d9    0x26  Code  Gb  stm32_eth.o [1]
ETH_MACTransmissionCmd  0x080023b3    0x26  Code  Gb  stm32_eth.o [1]
ETH_ReadPHYRegister     0x080022cd    0x72  Code  Gb  stm32_eth.o [1]
ETH_RxPkt_ChainMode     0x08006e5d    0x54  Code  Gb  ethernetif.o [1]
ETH_SoftwareReset       0x080024db    0x12  Code  Gb  stm32_eth.o [1]
ETH_Start               0x08002281    0x20  Code  Gb  stm32_eth.o [1]
ETH_StructInit          0x08002197    0xea  Code  Gb  stm32_eth.o [1]
ETH_TxPkt_ChainMode     0x08006eb1    0x34  Code  Gb  ethernetif.o [1]
ETH_WKUP_IRQHandler     0x08008d55          Code  Wk  startup_stm32f10x_cl.o [1]
ETH_WritePHYRegister    0x0800233f    0x74  Code  Gb  stm32_eth.o [1]
EXTI0_IRQHandler        0x08008c91          Code  Wk  startup_stm32f10x_cl.o [1]
EXTI15_10_IRQHandler    0x08008d19          Code  Wk  startup_stm32f10x_cl.o [1]
EXTI1_IRQHandler        0x08008c95          Code  Wk  startup_stm32f10x_cl.o [1]
EXTI2_IRQHandler        0x08008c99          Code  Wk  startup_stm32f10x_cl.o [1]
EXTI3_IRQHandler        0x08008c9d          Code  Wk  startup_stm32f10x_cl.o [1]
EXTI4_IRQHandler        0x08008ca1          Code  Wk  startup_stm32f10x_cl.o [1]
EXTI9_5_IRQHandler      0x08008cd5          Code  Wk  startup_stm32f10x_cl.o [1]
EraseCounter            0x200091b4     0x4  Data  Gb  ymodem.o [1]
Ethernet_Configuration  0x08004a8f    0x92  Code  Gb  stm32f107.o [1]
Ethernet_Parameter      0x200090b0    0x30  Data  Gb  flash.o [1]
FLASHStatus             0x2000104e     0x1  Data  Gb  ymodem.o [1]
FLASH_DisableWriteProtectionPages
                        0x0800426f    0xcc  Code  Gb  common.o [1]
FLASH_EnableWriteProtection
                        0x08004663    0xfa  Code  Gb  stm32f10x_flash.o [1]
FLASH_EraseOptionBytes  0x08004501    0xd4  Code  Gb  stm32f10x_flash.o [1]
FLASH_ErasePage         0x0800449b    0x66  Code  Gb  stm32f10x_flash.o [1]
FLASH_GetBank1Status    0x080047e9    0x36  Code  Gb  stm32f10x_flash.o [1]
FLASH_GetReadOutProtectionStatus
                        0x080047cf    0x1a  Code  Gb  stm32f10x_flash.o [1]
FLASH_GetUserOptionByte
                        0x080047c1     0x8  Code  Gb  stm32f10x_flash.o [1]
FLASH_GetWriteProtectionOptionByte
                        0x080047c9     0x6  Code  Gb  stm32f10x_flash.o [1]
FLASH_IRQHandler        0x08008c89          Code  Wk  startup_stm32f10x_cl.o [1]
FLASH_If_Erase          0x080081d9    0x26  Code  Gb  flash_if.o [1]
FLASH_If_Init           0x080081d1     0x8  Code  Gb  flash_if.o [1]
FLASH_If_Write          0x080081ff    0x3c  Code  Gb  flash_if.o [1]
FLASH_PagesMask         0x08004245    0x2a  Code  Gb  common.o [1]
FLASH_ProgramWord       0x080045d5    0x8e  Code  Gb  stm32f10x_flash.o [1]
FLASH_Unlock            0x08004485    0x16  Code  Gb  stm32f10x_flash.o [1]
FLASH_UserOptionByteConfig
                        0x0800475d    0x64  Code  Gb  stm32f10x_flash.o [1]
FLASH_WaitForLastOperation
                        0x0800485d    0x30  Code  Gb  stm32f10x_flash.o [1]
FlashDestination        0x20001048     0x4  Data  Gb  ymodem.o [1]
FlashProtection         0x200091c4     0x1  Data  Gb  common.o [1]
FlashWriteAddress       0x20009150     0x4  Data  Lc  httpserver.o [1]
Flash_Init              0x080067c5    0x5c  Code  Gb  flash.o [1]
Flash_Read              0x08006779    0x4c  Code  Gb  flash.o [1]
Flash_ReadEthernetPara  0x0800664d   0x12c  Code  Gb  flash.o [1]
Flash_Write_Address     0x200091a4     0x4  Data  Lc  tftpserver.o [1]
GPIO_Configuration      0x08004b21   0x10a  Code  Gb  stm32f107.o [1]
GPIO_ETH_MediaInterfaceConfig
                        0x08006cf5     0x6  Code  Gb  stm32f10x_gpio.o [1]
GPIO_Init               0x08006ae9   0x150  Code  Gb  stm32f10x_gpio.o [1]
GPIO_PinRemapConfig     0x08006c61    0x94  Code  Gb  stm32f10x_gpio.o [1]
GPIO_PinReverse         0x08007d1d     0xa  Code  Gb  stm32f10x_it.o [1]
GPIO_ReadInputDataBit   0x08006c39    0x1c  Code  Gb  stm32f10x_gpio.o [1]
GPIO_ResetBits          0x08006c5b     0x6  Code  Gb  stm32f10x_gpio.o [1]
GPIO_SetBits            0x08006c55     0x6  Code  Gb  stm32f10x_gpio.o [1]
GetKey                  0x080041f9    0x18  Code  Gb  common.o [1]
HardFault_Handler       0x08007d0f     0x2  Code  Gb  stm32f10x_it.o [1]
I2C1_ER_IRQHandler      0x08008cf9          Code  Wk  startup_stm32f10x_cl.o [1]
I2C1_EV_IRQHandler      0x08008cf5          Code  Wk  startup_stm32f10x_cl.o [1]
I2C2_ER_IRQHandler      0x08008d01          Code  Wk  startup_stm32f10x_cl.o [1]
I2C2_EV_IRQHandler      0x08008cfd          Code  Wk  startup_stm32f10x_cl.o [1]
IAP_HTTP_writedata      0x08001c7d    0xce  Code  Lc  httpserver.o [1]
IAP_Init                0x080048e1    0x34  Code  Gb  stm32f107.o [1]
IAP_NET_FLAG            0x200091c9     0x1  Data  Gb  main.o [1]
IAP_UART_FLAG           0x200091ca     0x1  Data  Gb  main.o [1]
IAP_httpd_init          0x08001b85    0x2a  Code  Gb  httpserver.o [1]
IAP_tftp_cleanup_wr     0x08005883    0x26  Code  Lc  tftpserver.o [1]
IAP_tftp_decode_op      0x0800561d     0x4  Code  Lc  tftpserver.o [1]
IAP_tftp_extract_block  0x08005621     0xe  Code  Lc  tftpserver.o [1]
IAP_tftp_process_write  0x080057b1    0x72  Code  Lc  tftpserver.o [1]
IAP_tftp_recv_callback  0x08005823    0x60  Code  Lc  tftpserver.o [1]
IAP_tftp_send_ack_packet
                        0x0800564b    0x60  Code  Lc  tftpserver.o [1]
IAP_tftp_set_block      0x08005637    0x14  Code  Lc  tftpserver.o [1]
IAP_tftp_set_opcode     0x0800562f     0x8  Code  Lc  tftpserver.o [1]
IAP_tftpd_init          0x080058a9    0x42  Code  Gb  tftpserver.o [1]
IAP_wrq_recv_callback   0x080056ab   0x106  Code  Lc  tftpserver.o [1]
Int2Str                 0x08004061    0x60  Code  Gb  common.o [1]
JumpAddress             0x20009170     0x4  Data  Gb  main.o [1]
Jump_To_Application     0x2000916c     0x4  Data  Gb  main.o [1]
LeftBytes               0x200091c6     0x1  Data  Lc  httpserver.o [1]
LeftBytesTab            0x20009158     0x4  Data  Lc  httpserver.o [1]
LocalTime               0x20009168     0x4  Data  Gb  main.o [1]
LwIP_Init               0x0800772d   0x12c  Code  Gb  netconf.o [1]
LwIP_Periodic_Handle    0x08007863    0x34  Code  Gb  netconf.o [1]
LwIP_Pkt_Handle         0x08007859     0xa  Code  Gb  netconf.o [1]
MACaddr                 0x20001050     0x8  Data  Gb  ethernetif.o [1]
Main_Menu               0x0800433b    0xf0  Code  Gb  common.o [1]
MemManage_Handler       0x08007d11     0x2  Code  Gb  stm32f10x_it.o [1]
NMI_Handler             0x08007d0d     0x2  Code  Gb  stm32f10x_it.o [1]
NVIC_Init               0x080080d7    0x6e  Code  Gb  misc.o [1]
NVIC_PriorityGroupConfig
                        0x080080cd     0xa  Code  Gb  misc.o [1]
NVIC_SetPriority        0x0800488d    0x22  Code  Lc  stm32f107.o [1]
NbrOfPage               0x200091b8     0x4  Data  Gb  ymodem.o [1]
OTG_FS_IRQHandler       0x08008d69          Code  Wk  startup_stm32f10x_cl.o [1]
OTG_FS_WKUP_IRQHandler  0x08008d21          Code  Wk  startup_stm32f10x_cl.o [1]
PVD_IRQHandler          0x08008c7d          Code  Wk  startup_stm32f10x_cl.o [1]
PWR_BackupAccessCmd     0x08008bcd     0x8  Code  Gb  stm32f10x_pwr.o [1]
PageSize                0x2000104c     0x2  Data  Gb  ymodem.o [1]
Parse_Content_Length    0x08001bdd    0xa0  Code  Lc  httpserver.o [1]
PendSV_Handler          0x08007d1b     0x2  Code  Gb  stm32f10x_it.o [1]
RCC_AHBPeriphClockCmd   0x08005db3    0x1e  Code  Gb  stm32f10x_rcc.o [1]
RCC_AHBPeriphResetCmd   0x08005e0d    0x1e  Code  Gb  stm32f10x_rcc.o [1]
RCC_APB1PeriphClockCmd  0x08005def    0x1e  Code  Gb  stm32f10x_rcc.o [1]
RCC_APB1PeriphResetCmd  0x08005e49    0x1e  Code  Gb  stm32f10x_rcc.o [1]
RCC_APB2PeriphClockCmd  0x08005dd1    0x1e  Code  Gb  stm32f10x_rcc.o [1]
RCC_APB2PeriphResetCmd  0x08005e2b    0x1e  Code  Gb  stm32f10x_rcc.o [1]
RCC_GetClocksFreq       0x08005bf5   0x1be  Code  Gb  stm32f10x_rcc.o [1]
RCC_IRQHandler          0x08008c8d          Code  Wk  startup_stm32f10x_cl.o [1]
RCC_MCOConfig           0x08005e67     0x6  Code  Gb  stm32f10x_rcc.o [1]
RTCAlarm_IRQHandler     0x08008d1d          Code  Wk  startup_stm32f10x_cl.o [1]
RTC_IRQHandler          0x08008c85          Code  Wk  startup_stm32f10x_cl.o [1]
RamSource               0x200091bc     0x4  Data  Gb  ymodem.o [1]
Receive_Byte            0x08004c59    0x22  Code  Lc  ymodem.o [1]
Receive_Packet          0x08004c8b    0xd0  Code  Lc  ymodem.o [1]
Region$$Table$$Base     0x080088dc           --   Gb  - Linker created -
Region$$Table$$Limit    0x08008900           --   Gb  - Linker created -
Reset_Handler           0x08008b59          Code  Wk  startup_stm32f10x_cl.o [1]
Rx_Buff                 0x200010f8  0x23a0  Data  Gb  ethernetif.o [1]
SPI1_IRQHandler         0x08008d05          Code  Wk  startup_stm32f10x_cl.o [1]
SPI2_IRQHandler         0x08008d09          Code  Wk  startup_stm32f10x_cl.o [1]
SPI3_IRQHandler         0x08008d29          Code  Wk  startup_stm32f10x_cl.o [1]
SPI_Cmd                 0x08007cb5    0x1a  Code  Gb  stm32f10x_spi.o [1]
SPI_EEPROM_ReadOut      0x08008099    0x34  Code  Gb  spi.o [1]
SPI_EEPROM_send         0x0800805d    0x32  Code  Gb  spi.o [1]
SPI_EEPROM_ss           0x0800803d    0x20  Code  Gb  spi.o [1]
SPI_I2S_DeInit          0x08007c11    0x58  Code  Gb  stm32f10x_spi.o [1]
SPI_I2S_GetFlagStatus   0x08007cf1    0x1a  Code  Gb  stm32f10x_spi.o [1]
SPI_I2S_ReceiveData     0x08007cd3     0x4  Code  Gb  stm32f10x_spi.o [1]
SPI_I2S_SendData        0x08007ccf     0x4  Code  Gb  stm32f10x_spi.o [1]
SPI_Init                0x08007c69    0x40  Code  Gb  stm32f10x_spi.o [1]
SPI_SSOutputCmd         0x08007cd7    0x1a  Code  Gb  stm32f10x_spi.o [1]
SPI_configuration       0x08006821    0x6a  Code  Gb  flash.o [1]
STM_EVAL_COMInit        0x08007ed1    0xb0  Code  Gb  stm32_eval.o [1]
SVC_Handler             0x08007d17     0x2  Code  Gb  stm32f10x_it.o [1]
Send_Byte               0x08004c7b    0x10  Code  Lc  ymodem.o [1]
SerialDownload          0x08007df9    0xd8  Code  Gb  download.o [1]
SerialKeyPressed        0x080041db    0x1e  Code  Gb  common.o [1]
SerialPutChar           0x08004211    0x1e  Code  Gb  common.o [1]
Serial_PutString        0x0800422f    0x16  Code  Gb  common.o [1]
SetSysClock             0x08007469     0x8  Code  Lc  system_stm32f10x.o [1]
SetSysClockTo72         0x08007471   0x10c  Code  Lc  system_stm32f10x.o [1]
Set_MAC_Address         0x08006d09    0x22  Code  Gb  ethernetif.o [1]
Str2Int                 0x080040c1   0x11a  Code  Gb  common.o [1]
SysTick_Config          0x080048af    0x32  Code  Lc  stm32f107.o [1]
SysTick_CounterCmd      0x08007271    0x2c  Code  Gb  main.o [1]
SysTick_Handler         0x08007d27    0x8e  Code  Gb  stm32f10x_it.o [1]
SystemInit              0x0800740d    0x5c  Code  Gb  system_stm32f10x.o [1]
System_Periodic_Handle  0x080073b9     0xc  Code  Gb  main.o [1]
System_Setup            0x08004a29    0x66  Code  Gb  stm32f107.o [1]
TAMPER_IRQHandler       0x08008c81          Code  Wk  startup_stm32f10x_cl.o [1]
TCPTimer                0x20009178     0x4  Data  Gb  netconf.o [1]
TIM1_BRK_IRQHandler     0x08008cd9          Code  Wk  startup_stm32f10x_cl.o [1]
TIM1_CC_IRQHandler      0x08008ce5          Code  Wk  startup_stm32f10x_cl.o [1]
TIM1_TRG_COM_IRQHandler
                        0x08008ce1          Code  Wk  startup_stm32f10x_cl.o [1]
TIM1_UP_IRQHandler      0x08008cdd          Code  Wk  startup_stm32f10x_cl.o [1]
TIM2_IRQHandler         0x08007db5    0x30  Code  Gb  stm32f10x_it.o [1]
TIM2_configuration      0x08004997    0x92  Code  Gb  stm32f107.o [1]
TIM3_IRQHandler         0x08008ced          Code  Wk  startup_stm32f10x_cl.o [1]
TIM4_IRQHandler         0x08008cf1          Code  Wk  startup_stm32f10x_cl.o [1]
TIM5_IRQHandler         0x08008d25          Code  Wk  startup_stm32f10x_cl.o [1]
TIM6_IRQHandler         0x08008d35          Code  Wk  startup_stm32f10x_cl.o [1]
TIM7_IRQHandler         0x08008d39          Code  Wk  startup_stm32f10x_cl.o [1]
TIM_ARRPreloadConfig    0x080055b9    0x1a  Code  Gb  stm32f10x_tim.o [1]
TIM_ClearFlag           0x080055d3     0x8  Code  Gb  stm32f10x_tim.o [1]
TIM_ClearITPendingBit   0x08005613     0x8  Code  Gb  stm32f10x_tim.o [1]
TIM_Cmd                 0x08005589    0x1a  Code  Gb  stm32f10x_tim.o [1]
TIM_DeInit              0x080052f9   0x1d2  Code  Gb  stm32f10x_tim.o [1]
TIM_GetITStatus         0x080055db    0x38  Code  Gb  stm32f10x_tim.o [1]
TIM_ITConfig            0x080055a3    0x16  Code  Gb  stm32f10x_tim.o [1]
TIM_TimeBaseInit        0x080054cb    0x7e  Code  Gb  stm32f10x_tim.o [1]
Time_Update             0x080073ad     0xc  Code  Gb  main.o [1]
TotalData               0x20009164     0x4  Data  Lc  httpserver.o [1]
TotalReceived           0x20009154     0x4  Data  Lc  httpserver.o [1]
Tx_Buff                 0x20003498  0x17c0  Data  Gb  ethernetif.o [1]
UART4_IRQHandler        0x08008d2d          Code  Wk  startup_stm32f10x_cl.o [1]
UART5_IRQHandler        0x08008d31          Code  Wk  startup_stm32f10x_cl.o [1]
UDPpcb                  0x200091a8     0x4  Data  Lc  tftpserver.o [1]
USART1_IRQHandler       0x08008d0d          Code  Wk  startup_stm32f10x_cl.o [1]
USART2_IRQHandler       0x08008d11          Code  Wk  startup_stm32f10x_cl.o [1]
USART3_IRQHandler       0x08008d15          Code  Wk  startup_stm32f10x_cl.o [1]
USART_Cmd               0x0800799d    0x1a  Code  Gb  stm32f10x_usart.o [1]
USART_GetFlagStatus     0x080079bf    0x22  Code  Gb  stm32f10x_usart.o [1]
USART_Init              0x080078b5    0xe2  Code  Gb  stm32f10x_usart.o [1]
USART_SendData          0x080079b7     0x8  Code  Gb  stm32f10x_usart.o [1]
UsageFault_Handler      0x08007d15     0x2  Code  Gb  stm32f10x_it.o [1]
UserMemoryMask          0x20009144     0x4  Data  Gb  common.o [1]
WWDG_Enable             0x08008b69     0xc  Code  Gb  stm32f10x_wwdg.o [1]
WWDG_IRQHandler         0x08008c79          Code  Wk  startup_stm32f10x_cl.o [1]
Ymodem_Receive          0x08004d5b   0x24c  Code  Gb  ymodem.o [1]
_PrintfTiny             0x080079e1   0x126  Code  Gb  xprintftiny.o [3]
_SProut                 0x08008bef     0xa  Code  Gb  xsprout.o [3]
__aeabi_memclr4         0x08008c31          Code  Gb  ABImemclr4.o [4]
__aeabi_memcpy          0x08008245          Code  Gb  ABImemcpy.o [4]
__aeabi_memcpy4         0x0800825f          Code  Gb  ABImemcpy.o [4]
__aeabi_memcpy8         0x0800825f          Code  Gb  ABImemcpy.o [4]
__aeabi_memset4         0x080086a5          Code  Gb  ABImemset48.o [4]
__aeabi_memset8         0x080086a5          Code  Gb  ABImemset48.o [4]
__cmain                 0x08008a49          Code  Gb  cmain.o [4]
__exit                  0x08008ac5    0x14  Code  Gb  exit.o [5]
__iar_Memset4_word      0x080086ad          Code  Gb  ABImemset48.o [4]
__iar_Memset8_word      0x080086ad          Code  Gb  ABImemset48.o [4]
__iar_close_ttio        0x08008821    0x26  Code  Gb  iarttio.o [5]
__iar_copy_init3        0x08008745    0x30  Code  Gb  copy_init3.o [4]
__iar_data_init3        0x080087a1    0x2c  Code  Gb  data_init3.o [4]
__iar_lookup_ttioh      0x08008c29     0x8  Code  Gb  XShttio.o [3]
__iar_program_start     0x08008bd9          Code  Gb  cstartup_M.o [4]
__iar_strcmp            0x080083b5          Code  Gb  strcmp.o [4]
__iar_ttio_handles      0x20001030     0x8  Data  Lc  XShttio.o [3]
__iar_zero_init3        0x080088b9    0x24  Code  Gb  zero_init3.o [4]
__low_level_init        0x08008d6d     0x4  Code  Gb  low_level_init.o [3]
__set_MSP               0x08008c21     0x8  Code  Gb  core_cm3.o [1]
__vector_table          0x08000000          Data  Gb  startup_stm32f10x_cl.o [1]
_call_main              0x08008a55          Code  Gb  cmain.o [4]
_exit                   0x08008be5          Code  Gb  cexit.o [4]
_main                   0x08008a5b          Code  Gb  cmain.o [4]
ackno                   0x20009198     0x4  Data  Lc  tcp_in.o [1]
arp_table               0x20008fe8    0xc8  Data  Lc  etharp.o [1]
buf                     0x20008508   0x5e0  Data  Lc  ip_frag.o [1]
close_conn              0x080015b5    0x2c  Code  Lc  httpserver.o [1]
conn_err                0x080015a5    0x10  Code  Lc  httpserver.o [1]
current_header          0x20009134     0x4  Data  Lc  ip.o [1]
current_netif           0x20009130     0x4  Data  Lc  ip.o [1]
data_index_html         0x08005ea4   0x298  Data  Lc  httpserver.o [1]
data_reset_html         0x080070d4   0x19c  Data  Lc  httpserver.o [1]
data_upload_html        0x080063d0   0x27c  Data  Lc  httpserver.o [1]
data_uploaddone_html    0x080068ac   0x23c  Data  Lc  httpserver.o [1]
etharp_arp_input        0x0800380f    0xe0  Code  Gb  etharp.o [1]
etharp_cached_entry     0x200091c5     0x1  Data  Lc  etharp.o [1]
etharp_ip_input         0x080037ed    0x22  Code  Gb  etharp.o [1]
etharp_output           0x080038f7    0xa2  Code  Gb  etharp.o [1]
etharp_query            0x080039ab    0xf2  Code  Gb  etharp.o [1]
etharp_raw              0x08003a9d    0xa8  Code  Lc  etharp.o [1]
etharp_request          0x08003b45    0x26  Code  Gb  etharp.o [1]
etharp_send_ip          0x08003729    0x2c  Code  Lc  etharp.o [1]
etharp_tmr              0x080035b3    0x44  Code  Gb  etharp.o [1]
ethbroadcast            0x08008ad8     0x8  Data  Gb  etharp.o [1]
ethernet_input          0x08003b79    0x52  Code  Gb  etharp.o [1]
ethernetif_init         0x08006dc7    0x90  Code  Gb  ethernetif.o [1]
ethernetif_input        0x08006da5    0x22  Code  Gb  ethernetif.o [1]
ethzero                 0x08008ae0     0x8  Data  Gb  etharp.o [1]
exit                    0x08008c37     0x6  Code  Gb  exit.o [3]
file_index_html         0x08008af8    0x10  Data  Gb  httpserver.o [1]
file_name               0x20008ee8   0x100  Data  Gb  ymodem.o [1]
file_reset_html         0x08008b08    0x10  Data  Gb  httpserver.o [1]
file_upload_html        0x08008b18    0x10  Data  Gb  httpserver.o [1]
file_uploaddone_html    0x08008b28    0x10  Data  Gb  httpserver.o [1]
find_entry              0x080035f7   0x132  Code  Lc  etharp.o [1]
flags                   0x200091cc     0x1  Data  Lc  tcp_in.o [1]
free_etharp_q           0x08003595    0x1e  Code  Lc  etharp.o [1]
fs_open                 0x08001baf    0x2e  Code  Lc  httpserver.o [1]
htmlpage                0x200091c8     0x1  Data  Gb  httpserver.o [1]
htonl                   0x08008855    0x18  Code  Gb  inet.o [1]
htons                   0x08008849     0xa  Code  Gb  inet.o [1]
http_accept             0x08001b3d    0x48  Code  Lc  httpserver.o [1]
http_poll               0x08001625    0x1e  Code  Lc  httpserver.o [1]
http_recv               0x08001685   0x4b8  Code  Lc  httpserver.o [1]
http_sent               0x08001643    0x42  Code  Lc  httpserver.o [1]
icmp_dest_unreach       0x080076b5     0x6  Code  Gb  icmp.o [1]
icmp_input              0x080075a1   0x10c  Code  Gb  icmp.o [1]
icmp_send_response      0x080076bf    0x60  Code  Lc  icmp.o [1]
icmp_time_exceeded      0x080076bb     0x4  Code  Gb  icmp.o [1]
inet_chksum             0x08007fe7     0xc  Code  Gb  inet_chksum.o [1]
inet_chksum_pbuf        0x08007ff3    0x3c  Code  Gb  inet_chksum.o [1]
inseg                   0x20009110    0x14  Data  Lc  tcp_in.o [1]
ip_addr_any             0x08008c44     0x4  Data  Gb  ip_addr.o [1]
ip_addr_isbroadcast     0x08008669    0x3a  Code  Gb  ip_addr.o [1]
ip_frag                 0x08003f31   0x128  Code  Gb  ip_frag.o [1]
ip_input                0x0800617f   0x150  Code  Gb  ip.o [1]
ip_output               0x0800639d    0x34  Code  Gb  ip.o [1]
ip_output_if            0x080062cf    0xbe  Code  Gb  ip.o [1]
ip_reass                0x08003d9b   0x18a  Code  Gb  ip_frag.o [1]
ip_reass_chain_frag_into_datagram_and_validate
                        0x08003cbf    0xdc  Code  Lc  ip_frag.o [1]
ip_reass_dequeue_datagram
                        0x08003ca1    0x1e  Code  Lc  ip_frag.o [1]
ip_reass_free_complete_datagram
                        0x08003bcd    0x6c  Code  Lc  ip_frag.o [1]
ip_reass_pbufcount      0x20009138     0x2  Data  Lc  ip_frag.o [1]
ip_reass_remove_oldest_datagram
                        0x08003c39    0x68  Code  Lc  ip_frag.o [1]
ip_route                0x0800613d    0x42  Code  Gb  ip.o [1]
iphdr                   0x20009190     0x4  Data  Lc  tcp_in.o [1]
lfree                   0x200074f0     0x4  Data  Lc  mem.o [1]
low_level_input         0x08006d57    0x4e  Code  Lc  ethernetif.o [1]
low_level_output        0x08006d2b    0x2c  Code  Lc  ethernetif.o [1]
lwip_standard_chksum    0x08007fa1    0x46  Code  Lc  inet_chksum.o [1]
main                    0x0800729d   0x110  Code  Gb  main.o [1]
mem_free                0x08006f2f    0x66  Code  Gb  mem.o [1]
mem_init                0x08006f01    0x2e  Code  Gb  mem.o [1]
mem_malloc              0x08007037    0x9a  Code  Gb  mem.o [1]
mem_realloc             0x08006f95    0xa2  Code  Gb  mem.o [1]
memcpy                  0x08008a5f    0x16  Code  Gb  tftpserver.o [1]
memp_free               0x080081b7    0x10  Code  Gb  memp.o [1]
memp_init               0x08008159    0x42  Code  Gb  memp.o [1]
memp_malloc             0x0800819b    0x1c  Code  Gb  memp.o [1]
memp_memory             0x20004c7c  0x286c  Data  Lc  memp.o [1]
memp_num                0x0800880c    0x14  Data  Lc  memp.o [1]
memp_sizes              0x080087f8    0x14  Data  Lc  memp.o [1]
memp_tab                0x20004c58    0x24  Data  Lc  memp.o [1]
netif                   0x200090e0    0x30  Data  Gb  netconf.o [1]
netif_add               0x08007b09    0x42  Code  Gb  netif.o [1]
netif_default           0x2000912c     0x4  Data  Gb  netif.o [1]
netif_is_up             0x08007c07     0xa  Code  Gb  netif.o [1]
netif_list              0x20009128     0x4  Data  Gb  netif.o [1]
netif_set_addr          0x08007b4b    0x1e  Code  Gb  netif.o [1]
netif_set_default       0x08007bd5     0x6  Code  Gb  netif.o [1]
netif_set_gw            0x08007bc5     0x8  Code  Gb  netif.o [1]
netif_set_ipaddr        0x08007b69    0x5c  Code  Gb  netif.o [1]
netif_set_netmask       0x08007bcd     0x8  Code  Gb  netif.o [1]
netif_set_up            0x08007be9    0x1e  Code  Gb  netif.o [1]
ntohl                   0x0800886d     0x2  Code  Gb  inet.o [1]
ntohs                   0x08008853     0x2  Code  Gb  inet.o [1]
octet_stream            0x08008b38    0x10  Data  Lc  httpserver.o [1]
pbuf_alloc              0x08004fc9    0xfa  Code  Gb  pbuf.o [1]
pbuf_cat                0x080051dd    0x22  Code  Gb  pbuf.o [1]
pbuf_chain              0x080051ff    0x10  Code  Gb  pbuf.o [1]
pbuf_clen               0x080051c1    0x12  Code  Gb  pbuf.o [1]
pbuf_copy               0x0800520f    0x8a  Code  Gb  pbuf.o [1]
pbuf_copy_partial       0x08005299    0x60  Code  Gb  pbuf.o [1]
pbuf_free               0x0800517f    0x42  Code  Gb  pbuf.o [1]
pbuf_header             0x0800511d    0x62  Code  Gb  pbuf.o [1]
pbuf_realloc            0x080050cf    0x4e  Code  Gb  pbuf.o [1]
pbuf_ref                0x080051d3     0xa  Code  Gb  pbuf.o [1]
port_select_init        0x08004915    0x82  Code  Gb  stm32f107.o [1]
ram                     0x200074e8     0x4  Data  Lc  mem.o [1]
ram_end                 0x200074ec     0x4  Data  Lc  mem.o [1]
ram_heap                0x200074f4  0x1014  Data  Lc  mem.o [1]
raw_input               0x080082b5    0x5c  Code  Gb  raw.o [1]
raw_pcbs                0x20009180     0x4  Data  Lc  raw.o [1]
reassdatagrams          0x2000913c     0x4  Data  Lc  ip_frag.o [1]
recv_data               0x2000919c     0x4  Data  Lc  tcp_in.o [1]
recv_flags              0x200091cd     0x1  Data  Lc  tcp_in.o [1]
resetpage               0x200091c7     0x1  Data  Lc  httpserver.o [1]
send_data               0x080015e1    0x44  Code  Lc  httpserver.o [1]
seqno                   0x20009194     0x4  Data  Lc  tcp_in.o [1]
size                    0x2000914c     0x4  Data  Lc  httpserver.o [1]
sprintf                 0x08008715    0x30  Code  Gb  sprintf.o [3]
strcmp                  0x080083b5          Code  Gb  strcmp.o [4]
strlen                  0x080086dd          Code  Gb  strlen.o [4]
strncmp                 0x080087cd    0x2a  Code  Gb  strncmp.o [3]
tab_1024                0x20008ae8   0x400  Data  Gb  download.o [1]
tcp_abandon             0x08002e81    0x8a  Code  Gb  tcp.o [1]
tcp_accept              0x080034b7     0x4  Code  Gb  tcp.o [1]
tcp_accept_null         0x08002fd7     0x6  Code  Lc  tcp.o [1]
tcp_active_pcbs         0x20001010     0x4  Data  Gb  tcp.o [1]
tcp_alloc               0x080033b3    0xea  Code  Gb  tcp.o [1]
tcp_arg                 0x080034a1     0x4  Code  Gb  tcp.o [1]
tcp_backoff             0x08008a30    0x10  Data  Gb  tcp.o [1]
tcp_bind                0x08002f0b    0xcc  Code  Gb  tcp.o [1]
tcp_bound_pcbs          0x20001008     0x4  Data  Gb  tcp.o [1]
tcp_close               0x08002df9    0x88  Code  Gb  tcp.o [1]
tcp_eff_send_mss        0x08003575    0x1e  Code  Gb  tcp.o [1]
tcp_enqueue             0x08002695   0x306  Code  Gb  tcp_out.o [1]
tcp_err                 0x080034b1     0x6  Code  Gb  tcp.o [1]
tcp_fasttmr             0x0800330d    0x48  Code  Gb  tcp.o [1]
tcp_input               0x08000151   0x504  Code  Gb  tcp_in.o [1]
tcp_input_pcb           0x200091a0     0x4  Data  Gb  tcp_in.o [1]
tcp_keepalive           0x08002d63    0x28  Code  Gb  tcp_out.o [1]
tcp_listen_input        0x08000655   0x146  Code  Lc  tcp_in.o [1]
tcp_listen_pcbs         0x2000100c     0x4  Data  Gb  tcp.o [1]
tcp_listen_with_backlog
                        0x08002fdd    0x7a  Code  Gb  tcp.o [1]
tcp_new                 0x0800349d     0x4  Code  Gb  tcp.o [1]
tcp_new_port            0x080030c3    0x4c  Code  Lc  tcp.o [1]
tcp_next_iss            0x08003549     0xc  Code  Gb  tcp.o [1]
tcp_output              0x080029ad   0x1c6  Code  Gb  tcp_out.o [1]
tcp_output_segment      0x08002b87    0xaa  Code  Lc  tcp_out.o [1]
tcp_output_set_header   0x080025e5    0x68  Code  Lc  tcp_out.o [1]
tcp_parseopt            0x080014ad    0xd0  Code  Lc  tcp_in.o [1]
tcp_pcb_purge           0x080034c5    0x30  Code  Gb  tcp.o [1]
tcp_pcb_remove          0x080034f5    0x3e  Code  Gb  tcp.o [1]
tcp_persist_backoff     0x08008a40     0x8  Data  Gb  tcp.o [1]
tcp_poll                0x080034bb     0xa  Code  Gb  tcp.o [1]
tcp_process             0x080007e9   0x584  Code  Lc  tcp_in.o [1]
tcp_receive             0x08000da1   0x70c  Code  Lc  tcp_in.o [1]
tcp_recv                0x080034a5     0x6  Code  Gb  tcp.o [1]
tcp_recv_null           0x08003399    0x1a  Code  Lc  tcp.o [1]
tcp_recved              0x08003087    0x3c  Code  Gb  tcp.o [1]
tcp_rexmit              0x08002d17    0x4c  Code  Gb  tcp_out.o [1]
tcp_rexmit_rto          0x08002ce7    0x30  Code  Gb  tcp_out.o [1]
tcp_rst                 0x08002c45    0x98  Code  Gb  tcp_out.o [1]
tcp_seg_free            0x0800337b    0x1e  Code  Gb  tcp.o [1]
tcp_segs_free           0x08003361    0x1a  Code  Gb  tcp.o [1]
tcp_send_ctrl           0x0800264d    0x18  Code  Gb  tcp_out.o [1]
tcp_sent                0x080034ab     0x6  Code  Gb  tcp.o [1]
tcp_slowtmr             0x0800310f   0x1f6  Code  Gb  tcp.o [1]
tcp_ticks               0x20001004     0x4  Data  Gb  tcp.o [1]
tcp_timer               0x200091cb     0x1  Data  Lc  tcp.o [1]
tcp_timewait_input      0x0800079b    0x4e  Code  Lc  tcp_in.o [1]
tcp_tmp_pcb             0x20001018     0x4  Data  Gb  tcp.o [1]
tcp_tmr                 0x08002ddd    0x1a  Code  Gb  tcp.o [1]
tcp_tw_pcbs             0x20001014     0x4  Data  Gb  tcp.o [1]
tcp_update_rcv_ann_wnd  0x0800305f    0x28  Code  Gb  tcp.o [1]
tcp_write               0x08002665    0x30  Code  Gb  tcp_out.o [1]
tcp_zero_window_probe   0x08002d8b    0x36  Code  Gb  tcp_out.o [1]
tcphdr                  0x2000918c     0x4  Data  Lc  tcp_in.o [1]
tcplen                  0x200091c2     0x2  Data  Lc  tcp_in.o [1]
total_count             0x200091ac     0x4  Data  Lc  tftpserver.o [1]
udp_bind                0x08005b37    0x56  Code  Gb  udp.o [1]
udp_disconnect          0x08005b8d    0x14  Code  Gb  udp.o [1]
udp_input               0x08005909   0x14c  Code  Gb  udp.o [1]
udp_new                 0x08005bd9    0x1a  Code  Gb  udp.o [1]
udp_pcbs                0x200091b0     0x4  Data  Gb  udp.o [1]
udp_recv                0x08005ba1     0x6  Code  Gb  udp.o [1]
udp_remove              0x08005ba7    0x28  Code  Gb  udp.o [1]
udp_sendto              0x08005a55    0x2a  Code  Gb  udp.o [1]
udp_sendto_if           0x08005a7f    0xb8  Code  Gb  udp.o [1]
update_arp_entry        0x08003755    0x86  Code  Lc  etharp.o [1]


[1] = D:\lxb-Ñ²¼ì»ú\Ñ²¼ì»ú9.5\IAP-Version2.0\Project\STM32F107_LwIP_IAP\EWARMv5\STM3210C-EVAL\Obj
[2] = command line
[3] = dl7M_tl_in.a
[4] = rt7M_tl.a
[5] = shb_l.a

  32 318 bytes of readonly  code memory
   3 974 bytes of readonly  data memory
  37 326 bytes of readwrite data memory

Errors: none
Warnings: none
